Archive member included to satisfy reference by file (symbol)

d:/eclipsehal/plugins/fr.ac6.mcu.externaltools.arm-none.win32_1.11.0.201610101338/tools/gcc-arm-none-eabi-5_4-2016q2-20160622-win32/bin/../lib/gcc/arm-none-eabi/5.4.1/../../../../arm-none-eabi/lib/armv7e-m/fpu/fpv5-sp-d16\libc_nano.a(lib_a-exit.o)
                              d:/eclipsehal/plugins/fr.ac6.mcu.externaltools.arm-none.win32_1.11.0.201610101338/tools/gcc-arm-none-eabi-5_4-2016q2-20160622-win32/bin/../lib/gcc/arm-none-eabi/5.4.1/../../../../arm-none-eabi/lib/armv7e-m/fpu/fpv5-sp-d16/crt0.o (exit)
d:/eclipsehal/plugins/fr.ac6.mcu.externaltools.arm-none.win32_1.11.0.201610101338/tools/gcc-arm-none-eabi-5_4-2016q2-20160622-win32/bin/../lib/gcc/arm-none-eabi/5.4.1/../../../../arm-none-eabi/lib/armv7e-m/fpu/fpv5-sp-d16\libc_nano.a(lib_a-impure.o)
                              d:/eclipsehal/plugins/fr.ac6.mcu.externaltools.arm-none.win32_1.11.0.201610101338/tools/gcc-arm-none-eabi-5_4-2016q2-20160622-win32/bin/../lib/gcc/arm-none-eabi/5.4.1/../../../../arm-none-eabi/lib/armv7e-m/fpu/fpv5-sp-d16\libc_nano.a(lib_a-exit.o) (_global_impure_ptr)
d:/eclipsehal/plugins/fr.ac6.mcu.externaltools.arm-none.win32_1.11.0.201610101338/tools/gcc-arm-none-eabi-5_4-2016q2-20160622-win32/bin/../lib/gcc/arm-none-eabi/5.4.1/../../../../arm-none-eabi/lib/armv7e-m/fpu/fpv5-sp-d16\libc_nano.a(lib_a-init.o)
                              d:/eclipsehal/plugins/fr.ac6.mcu.externaltools.arm-none.win32_1.11.0.201610101338/tools/gcc-arm-none-eabi-5_4-2016q2-20160622-win32/bin/../lib/gcc/arm-none-eabi/5.4.1/../../../../arm-none-eabi/lib/armv7e-m/fpu/fpv5-sp-d16/crt0.o (__libc_init_array)
d:/eclipsehal/plugins/fr.ac6.mcu.externaltools.arm-none.win32_1.11.0.201610101338/tools/gcc-arm-none-eabi-5_4-2016q2-20160622-win32/bin/../lib/gcc/arm-none-eabi/5.4.1/../../../../arm-none-eabi/lib/armv7e-m/fpu/fpv5-sp-d16\libc_nano.a(lib_a-memset.o)
                              d:/eclipsehal/plugins/fr.ac6.mcu.externaltools.arm-none.win32_1.11.0.201610101338/tools/gcc-arm-none-eabi-5_4-2016q2-20160622-win32/bin/../lib/gcc/arm-none-eabi/5.4.1/../../../../arm-none-eabi/lib/armv7e-m/fpu/fpv5-sp-d16/crt0.o (memset)
d:/eclipsehal/plugins/fr.ac6.mcu.externaltools.arm-none.win32_1.11.0.201610101338/tools/gcc-arm-none-eabi-5_4-2016q2-20160622-win32/bin/../lib/gcc/arm-none-eabi/5.4.1/../../../../arm-none-eabi/lib/armv7e-m/fpu/fpv5-sp-d16\libnosys.a(_exit.o)
                              d:/eclipsehal/plugins/fr.ac6.mcu.externaltools.arm-none.win32_1.11.0.201610101338/tools/gcc-arm-none-eabi-5_4-2016q2-20160622-win32/bin/../lib/gcc/arm-none-eabi/5.4.1/../../../../arm-none-eabi/lib/armv7e-m/fpu/fpv5-sp-d16\libc_nano.a(lib_a-exit.o) (_exit)

Allocating common symbols
Common symbol       size              file

x                   0x8               Application/User/main.o
htim10              0x3c              Application/User/main.o
uwTick              0x4               Drivers/STM32F7xx_HAL_Driver/stm32f7xx_hal.o
pFlash              0x1c              Drivers/STM32F7xx_HAL_Driver/stm32f7xx_hal_flash.o
par                 0xc               Application/User/main.o
send                0x1               Application/User/main.o
d                   0x14              Application/User/main.o
huart6              0x70              Application/User/main.o
recieve             0x1               Application/User/main.o

Discarded input sections

 .text          0x00000000        0x0 d:/eclipsehal/plugins/fr.ac6.mcu.externaltools.arm-none.win32_1.11.0.201610101338/tools/gcc-arm-none-eabi-5_4-2016q2-20160622-win32/bin/../lib/gcc/arm-none-eabi/5.4.1/armv7e-m/fpu/fpv5-sp-d16/crti.o
 .data          0x00000000        0x0 d:/eclipsehal/plugins/fr.ac6.mcu.externaltools.arm-none.win32_1.11.0.201610101338/tools/gcc-arm-none-eabi-5_4-2016q2-20160622-win32/bin/../lib/gcc/arm-none-eabi/5.4.1/armv7e-m/fpu/fpv5-sp-d16/crti.o
 .bss           0x00000000        0x0 d:/eclipsehal/plugins/fr.ac6.mcu.externaltools.arm-none.win32_1.11.0.201610101338/tools/gcc-arm-none-eabi-5_4-2016q2-20160622-win32/bin/../lib/gcc/arm-none-eabi/5.4.1/armv7e-m/fpu/fpv5-sp-d16/crti.o
 .data          0x00000000        0x4 d:/eclipsehal/plugins/fr.ac6.mcu.externaltools.arm-none.win32_1.11.0.201610101338/tools/gcc-arm-none-eabi-5_4-2016q2-20160622-win32/bin/../lib/gcc/arm-none-eabi/5.4.1/armv7e-m/fpu/fpv5-sp-d16/crtbegin.o
 .text          0x00000000       0x74 d:/eclipsehal/plugins/fr.ac6.mcu.externaltools.arm-none.win32_1.11.0.201610101338/tools/gcc-arm-none-eabi-5_4-2016q2-20160622-win32/bin/../lib/gcc/arm-none-eabi/5.4.1/../../../../arm-none-eabi/lib/armv7e-m/fpu/fpv5-sp-d16/crt0.o
 .data          0x00000000        0x0 d:/eclipsehal/plugins/fr.ac6.mcu.externaltools.arm-none.win32_1.11.0.201610101338/tools/gcc-arm-none-eabi-5_4-2016q2-20160622-win32/bin/../lib/gcc/arm-none-eabi/5.4.1/../../../../arm-none-eabi/lib/armv7e-m/fpu/fpv5-sp-d16/crt0.o
[...]
Memory Configuration

Name             Origin             Length             Attributes
FLASH            0x08000000         0x00100000         xr
RAM              0x20000000         0x00050000         xrw
*default*        0x00000000         0xffffffff

Linker script and memory map

LOAD d:/eclipsehal/plugins/fr.ac6.mcu.externaltools.arm-none.win32_1.11.0.201610101338/tools/gcc-arm-none-eabi-5_4-2016q2-20160622-win32/bin/../lib/gcc/arm-none-eabi/5.4.1/armv7e-m/fpu/fpv5-sp-d16/crti.o
LOAD d:/eclipsehal/plugins/fr.ac6.mcu.externaltools.arm-none.win32_1.11.0.201610101338/tools/gcc-arm-none-eabi-5_4-2016q2-20160622-win32/bin/../lib/gcc/arm-none-eabi/5.4.1/armv7e-m/fpu/fpv5-sp-d16/crtbegin.o
LOAD d:/eclipsehal/plugins/fr.ac6.mcu.externaltools.arm-none.win32_1.11.0.201610101338/tools/gcc-arm-none-eabi-5_4-2016q2-20160622-win32/bin/../lib/gcc/arm-none-eabi/5.4.1/../../../../arm-none-eabi/lib/armv7e-m/fpu/fpv5-sp-d16/crt0.o
LOAD d:/eclipsehal/plugins/fr.ac6.mcu.externaltools.arm-none.win32_1.11.0.201610101338/tools/gcc-arm-none-eabi-5_4-2016q2-20160622-win32/bin/../lib/gcc/arm-none-eabi/5.4.1/../../../../arm-none-eabi/lib/armv7e-m/fpu/fpv5-sp-d16\libm.a
LOAD Application/SW4STM32/startup_stm32f746xx.o
LOAD Application/User/dc_model.o
LOAD Application/User/main.o
LOAD Application/User/stm32f7xx_hal_msp.o
LOAD Application/User/stm32f7xx_it.o
LOAD Drivers/CMSIS/system_stm32f7xx.o
LOAD Drivers/STM32F7xx_HAL_Driver/stm32f7xx_hal.o
LOAD Drivers/STM32F7xx_HAL_Driver/stm32f7xx_hal_cortex.o
LOAD Drivers/STM32F7xx_HAL_Driver/stm32f7xx_hal_dma.o
LOAD Drivers/STM32F7xx_HAL_Driver/stm32f7xx_hal_dma_ex.o
LOAD Drivers/STM32F7xx_HAL_Driver/stm32f7xx_hal_flash.o
LOAD Drivers/STM32F7xx_HAL_Driver/stm32f7xx_hal_flash_ex.o
LOAD Drivers/STM32F7xx_HAL_Driver/stm32f7xx_hal_gpio.o
LOAD Drivers/STM32F7xx_HAL_Driver/stm32f7xx_hal_i2c.o
LOAD Drivers/STM32F7xx_HAL_Driver/stm32f7xx_hal_i2c_ex.o
LOAD Drivers/STM32F7xx_HAL_Driver/stm32f7xx_hal_pwr.o
LOAD Drivers/STM32F7xx_HAL_Driver/stm32f7xx_hal_pwr_ex.o
LOAD Drivers/STM32F7xx_HAL_Driver/stm32f7xx_hal_rcc.o
LOAD Drivers/STM32F7xx_HAL_Driver/stm32f7xx_hal_rcc_ex.o
LOAD Drivers/STM32F7xx_HAL_Driver/stm32f7xx_hal_tim.o
LOAD Drivers/STM32F7xx_HAL_Driver/stm32f7xx_hal_tim_ex.o
LOAD Drivers/STM32F7xx_HAL_Driver/stm32f7xx_hal_uart.o
START GROUP
LOAD d:/eclipsehal/plugins/fr.ac6.mcu.externaltools.arm-none.win32_1.11.0.201610101338/tools/gcc-arm-none-eabi-5_4-2016q2-20160622-win32/bin/../lib/gcc/arm-none-eabi/5.4.1/armv7e-m/fpu/fpv5-sp-d16\libgcc.a
LOAD d:/eclipsehal/plugins/fr.ac6.mcu.externaltools.arm-none.win32_1.11.0.201610101338/tools/gcc-arm-none-eabi-5_4-2016q2-20160622-win32/bin/../lib/gcc/arm-none-eabi/5.4.1/../../../../arm-none-eabi/lib/armv7e-m/fpu/fpv5-sp-d16\libc_nano.a
END GROUP
START GROUP
LOAD d:/eclipsehal/plugins/fr.ac6.mcu.externaltools.arm-none.win32_1.11.0.201610101338/tools/gcc-arm-none-eabi-5_4-2016q2-20160622-win32/bin/../lib/gcc/arm-none-eabi/5.4.1/armv7e-m/fpu/fpv5-sp-d16\libgcc.a
LOAD d:/eclipsehal/plugins/fr.ac6.mcu.externaltools.arm-none.win32_1.11.0.201610101338/tools/gcc-arm-none-eabi-5_4-2016q2-20160622-win32/bin/../lib/gcc/arm-none-eabi/5.4.1/../../../../arm-none-eabi/lib/armv7e-m/fpu/fpv5-sp-d16\libc_nano.a
LOAD d:/eclipsehal/plugins/fr.ac6.mcu.externaltools.arm-none.win32_1.11.0.201610101338/tools/gcc-arm-none-eabi-5_4-2016q2-20160622-win32/bin/../lib/gcc/arm-none-eabi/5.4.1/../../../../arm-none-eabi/lib/armv7e-m/fpu/fpv5-sp-d16\libnosys.a
END GROUP
START GROUP
LOAD d:/eclipsehal/plugins/fr.ac6.mcu.externaltools.arm-none.win32_1.11.0.201610101338/tools/gcc-arm-none-eabi-5_4-2016q2-20160622-win32/bin/../lib/gcc/arm-none-eabi/5.4.1/armv7e-m/fpu/fpv5-sp-d16\libgcc.a
LOAD d:/eclipsehal/plugins/fr.ac6.mcu.externaltools.arm-none.win32_1.11.0.201610101338/tools/gcc-arm-none-eabi-5_4-2016q2-20160622-win32/bin/../lib/gcc/arm-none-eabi/5.4.1/../../../../arm-none-eabi/lib/armv7e-m/fpu/fpv5-sp-d16\libc_nano.a
LOAD d:/eclipsehal/plugins/fr.ac6.mcu.externaltools.arm-none.win32_1.11.0.201610101338/tools/gcc-arm-none-eabi-5_4-2016q2-20160622-win32/bin/../lib/gcc/arm-none-eabi/5.4.1/../../../../arm-none-eabi/lib/armv7e-m/fpu/fpv5-sp-d16\libnosys.a
END GROUP
LOAD d:/eclipsehal/plugins/fr.ac6.mcu.externaltools.arm-none.win32_1.11.0.201610101338/tools/gcc-arm-none-eabi-5_4-2016q2-20160622-win32/bin/../lib/gcc/arm-none-eabi/5.4.1/armv7e-m/fpu/fpv5-sp-d16/crtend.o
LOAD d:/eclipsehal/plugins/fr.ac6.mcu.externaltools.arm-none.win32_1.11.0.201610101338/tools/gcc-arm-none-eabi-5_4-2016q2-20160622-win32/bin/../lib/gcc/arm-none-eabi/5.4.1/armv7e-m/fpu/fpv5-sp-d16/crtn.o
                0x20050000                _estack = 0x20050000
                0x00000200                _Min_Heap_Size = 0x200
                0x00000400                _Min_Stack_Size = 0x400

.isr_vector     0x08000000      0x1c8
                0x08000000                . = ALIGN (0x4)
 *(.isr_vector)
 .isr_vector    0x08000000      0x1c8 Application/SW4STM32/startup_stm32f746xx.o
                0x08000000                g_pfnVectors
                0x080001c8                . = ALIGN (0x4)

.text           0x080001c8     0x2044
                0x080001c8                . = ALIGN (0x4)
 *(.text)
 .text          0x080001c8       0x5c d:/eclipsehal/plugins/fr.ac6.mcu.externaltools.arm-none.win32_1.11.0.201610101338/tools/gcc-arm-none-eabi-5_4-2016q2-20160622-win32/bin/../lib/gcc/arm-none-eabi/5.4.1/armv7e-m/fpu/fpv5-sp-d16/crtbegin.o
 *(.text*)
 .text.Reset_Handler
                0x08000224       0x50 Application/SW4STM32/startup_stm32f746xx.o
                0x08000224                Reset_Handler
 .text.Default_Handler
                0x08000274        0x2 Application/SW4STM32/startup_stm32f746xx.o
                0x08000274                RTC_Alarm_IRQHandler
                0x08000274                EXTI2_IRQHandler
                0x08000274                TIM8_CC_IRQHandler
                0x08000274                UART8_IRQHandler
                0x08000274                SPI4_IRQHandler
                0x08000274                TIM1_CC_IRQHandler
                0x08000274                DMA2_Stream5_IRQHandler
                0x08000274                DMA1_Stream5_IRQHandler
                0x08000274                PVD_IRQHandler
                0x08000274                TAMP_STAMP_IRQHandler
                0x08000274                CAN2_RX1_IRQHandler
                0x08000274                EXTI3_IRQHandler
                0x08000274                TIM8_TRG_COM_TIM14_IRQHandler
                0x08000274                TIM8_UP_TIM13_IRQHandler
                0x08000274                I2C3_ER_IRQHandler
                0x08000274                EXTI0_IRQHandler
                0x08000274                I2C2_EV_IRQHandler
                0x08000274                DMA1_Stream2_IRQHandler
                0x08000274                CAN1_RX0_IRQHandler
                0x08000274                FPU_IRQHandler
                0x08000274                OTG_HS_WKUP_IRQHandler
                0x08000274                LTDC_ER_IRQHandler
                0x08000274                CAN2_SCE_IRQHandler
                0x08000274                DMA2_Stream2_IRQHandler
                0x08000274                SPI1_IRQHandler
                0x08000274                TIM6_DAC_IRQHandler
                0x08000274                TIM1_BRK_TIM9_IRQHandler
                0x08000274                DCMI_IRQHandler
                0x08000274                CAN2_RX0_IRQHandler
                0x08000274                DMA2_Stream3_IRQHandler
                0x08000274                SAI2_IRQHandler
                0x08000274                USART3_IRQHandler
                0x08000274                CAN1_RX1_IRQHandler
                0x08000274                UART5_IRQHandler
                0x08000274                DMA2_Stream0_IRQHandler
                0x08000274                TIM4_IRQHandler
                0x08000274                QUADSPI_IRQHandler
                0x08000274                I2C1_EV_IRQHandler
                0x08000274                DMA1_Stream6_IRQHandler
                0x08000274                DMA1_Stream1_IRQHandler
                0x08000274                UART4_IRQHandler
                0x08000274                TIM3_IRQHandler
                0x08000274                RCC_IRQHandler
                0x08000274                TIM8_BRK_TIM12_IRQHandler
                0x08000274                Default_Handler
                0x08000274                CEC_IRQHandler
                0x08000274                EXTI15_10_IRQHandler
                0x08000274                ADC_IRQHandler
                0x08000274                DMA1_Stream7_IRQHandler
                0x08000274                SPI5_IRQHandler
                0x08000274                TIM7_IRQHandler
                0x08000274                SDMMC1_IRQHandler
                0x08000274                CAN2_TX_IRQHandler
                0x08000274                TIM5_IRQHandler
                0x08000274                DMA2_Stream7_IRQHandler
                0x08000274                I2C3_EV_IRQHandler
                0x08000274                EXTI9_5_IRQHandler
                0x08000274                RTC_WKUP_IRQHandler
                0x08000274                LTDC_IRQHandler
                0x08000274                ETH_WKUP_IRQHandler
                0x08000274                SPDIF_RX_IRQHandler
                0x08000274                SPI2_IRQHandler
                0x08000274                OTG_HS_EP1_IN_IRQHandler
                0x08000274                DMA1_Stream0_IRQHandler
                0x08000274                CAN1_TX_IRQHandler
                0x08000274                EXTI4_IRQHandler
                0x08000274                RNG_IRQHandler
                0x08000274                ETH_IRQHandler
                0x08000274                OTG_HS_EP1_OUT_IRQHandler
                0x08000274                WWDG_IRQHandler
                0x08000274                SPI6_IRQHandler
                0x08000274                I2C4_EV_IRQHandler
                0x08000274                TIM2_IRQHandler
                0x08000274                OTG_FS_WKUP_IRQHandler
                0x08000274                TIM1_TRG_COM_TIM11_IRQHandler
                0x08000274                OTG_HS_IRQHandler
                0x08000274                DMA2D_IRQHandler
                0x08000274                EXTI1_IRQHandler
                0x08000274                UART7_IRQHandler
                0x08000274                USART2_IRQHandler
                0x08000274                I2C2_ER_IRQHandler
                0x08000274                DMA2_Stream1_IRQHandler
                0x08000274                CAN1_SCE_IRQHandler
                0x08000274                FLASH_IRQHandler
                0x08000274                DMA2_Stream4_IRQHandler
                0x08000274                USART1_IRQHandler
                0x08000274                OTG_FS_IRQHandler
                0x08000274                SPI3_IRQHandler
                0x08000274                DMA1_Stream4_IRQHandler
                0x08000274                I2C1_ER_IRQHandler
                0x08000274                FMC_IRQHandler
                0x08000274                LPTIM1_IRQHandler
                0x08000274                I2C4_ER_IRQHandler
                0x08000274                DMA2_Stream6_IRQHandler
                0x08000274                SAI1_IRQHandler
                0x08000274                DMA1_Stream3_IRQHandler
 .text.compute_dx
                0x08000276       0x26 Application/User/dc_model.o
                0x08000276                compute_dx
 .text.set_parameters
                0x0800029c       0x36 Application/User/dc_model.o
                0x0800029c                set_parameters
 .text.rk4      0x080002d2      0x114 Application/User/dc_model.o
                0x080002d2                rk4
 *fill*         0x080003e6        0x2 
 .text.HAL_TIM_PeriodElapsedCallback
                0x080003e8       0x40 Application/User/main.o
                0x080003e8                HAL_TIM_PeriodElapsedCallback
 .text.HAL_UART_RxCpltCallback
                0x08000428       0x28 Application/User/main.o
                0x08000428                HAL_UART_RxCpltCallback
 .text.SystemClock_Config
                0x08000450       0xc0 Application/User/main.o
                0x08000450                SystemClock_Config
 .text.startup.main
                0x08000510      0x108 Application/User/main.o
                0x08000510                main
 .text.HAL_MspInit
                0x08000618       0x60 Application/User/stm32f7xx_hal_msp.o
                0x08000618                HAL_MspInit
 .text.HAL_TIM_Base_MspInit
                0x08000678       0x3c Application/User/stm32f7xx_hal_msp.o
                0x08000678                HAL_TIM_Base_MspInit
 .text.HAL_UART_MspInit
                0x080006b4       0x5c Application/User/stm32f7xx_hal_msp.o
                0x080006b4                HAL_UART_MspInit
 .text.NMI_Handler
                0x08000710        0x2 Application/User/stm32f7xx_it.o
                0x08000710                NMI_Handler
 .text.HardFault_Handler
                0x08000712        0x2 Application/User/stm32f7xx_it.o
                0x08000712                HardFault_Handler
 .text.MemManage_Handler
                0x08000714        0x2 Application/User/stm32f7xx_it.o
                0x08000714                MemManage_Handler
 .text.BusFault_Handler
                0x08000716        0x2 Application/User/stm32f7xx_it.o
                0x08000716                BusFault_Handler
 .text.UsageFault_Handler
                0x08000718        0x2 Application/User/stm32f7xx_it.o
                0x08000718                UsageFault_Handler
 .text.SVC_Handler
                0x0800071a        0x2 Application/User/stm32f7xx_it.o
                0x0800071a                SVC_Handler
 .text.DebugMon_Handler
                0x0800071c        0x2 Application/User/stm32f7xx_it.o
                0x0800071c                DebugMon_Handler
 .text.PendSV_Handler
                0x0800071e        0x2 Application/User/stm32f7xx_it.o
                0x0800071e                PendSV_Handler
 .text.SysTick_Handler
                0x08000720        0xe Application/User/stm32f7xx_it.o
                0x08000720                SysTick_Handler
 *fill*         0x0800072e        0x2 
 .text.TIM1_UP_TIM10_IRQHandler
                0x08000730        0xc Application/User/stm32f7xx_it.o
                0x08000730                TIM1_UP_TIM10_IRQHandler
 .text.USART6_IRQHandler
                0x0800073c        0xc Application/User/stm32f7xx_it.o
                0x0800073c                USART6_IRQHandler
 .text.SystemInit
                0x08000748       0x4c Drivers/CMSIS/system_stm32f7xx.o
                0x08000748                SystemInit
 .text.HAL_InitTick
                0x08000794       0x28 Drivers/STM32F7xx_HAL_Driver/stm32f7xx_hal.o
                0x08000794                HAL_InitTick
 .text.HAL_Init
                0x080007bc       0x16 Drivers/STM32F7xx_HAL_Driver/stm32f7xx_hal.o
                0x080007bc                HAL_Init
 *fill*         0x080007d2        0x2 
 .text.HAL_IncTick
                0x080007d4       0x10 Drivers/STM32F7xx_HAL_Driver/stm32f7xx_hal.o
                0x080007d4                HAL_IncTick
 .text.HAL_GetTick
                0x080007e4        0xc Drivers/STM32F7xx_HAL_Driver/stm32f7xx_hal.o
                0x080007e4                HAL_GetTick
 .text.HAL_NVIC_SetPriorityGrouping
                0x080007f0       0x24 Drivers/STM32F7xx_HAL_Driver/stm32f7xx_hal_cortex.o
                0x080007f0                HAL_NVIC_SetPriorityGrouping
 .text.HAL_NVIC_SetPriority
                0x08000814       0x70 Drivers/STM32F7xx_HAL_Driver/stm32f7xx_hal_cortex.o
                0x08000814                HAL_NVIC_SetPriority
 .text.HAL_NVIC_EnableIRQ
                0x08000884       0x18 Drivers/STM32F7xx_HAL_Driver/stm32f7xx_hal_cortex.o
                0x08000884                HAL_NVIC_EnableIRQ
 .text.HAL_SYSTICK_Config
                0x0800089c       0x2c Drivers/STM32F7xx_HAL_Driver/stm32f7xx_hal_cortex.o
                0x0800089c                HAL_SYSTICK_Config
 .text.HAL_SYSTICK_CLKSourceConfig
                0x080008c8       0x18 Drivers/STM32F7xx_HAL_Driver/stm32f7xx_hal_cortex.o
                0x080008c8                HAL_SYSTICK_CLKSourceConfig
 .text.HAL_SYSTICK_Callback
                0x080008e0        0x2 Drivers/STM32F7xx_HAL_Driver/stm32f7xx_hal_cortex.o
                0x080008e0                HAL_SYSTICK_Callback
 .text.HAL_SYSTICK_IRQHandler
                0x080008e2        0x8 Drivers/STM32F7xx_HAL_Driver/stm32f7xx_hal_cortex.o
                0x080008e2                HAL_SYSTICK_IRQHandler
 .text.HAL_DMA_Abort_IT
                0x080008ea       0x24 Drivers/STM32F7xx_HAL_Driver/stm32f7xx_hal_dma.o
                0x080008ea                HAL_DMA_Abort_IT
 *fill*         0x0800090e        0x2 
 .text.HAL_GPIO_Init
                0x08000910      0x1d8 Drivers/STM32F7xx_HAL_Driver/stm32f7xx_hal_gpio.o
                0x08000910                HAL_GPIO_Init
 .text.HAL_GPIO_WritePin
                0x08000ae8        0x8 Drivers/STM32F7xx_HAL_Driver/stm32f7xx_hal_gpio.o
                0x08000ae8                HAL_GPIO_WritePin
 .text.HAL_GPIO_TogglePin
                0x08000af0        0x8 Drivers/STM32F7xx_HAL_Driver/stm32f7xx_hal_gpio.o
                0x08000af0                HAL_GPIO_TogglePin
 .text.HAL_PWREx_EnableOverDrive
                0x08000af8       0x70 Drivers/STM32F7xx_HAL_Driver/stm32f7xx_hal_pwr_ex.o
                0x08000af8                HAL_PWREx_EnableOverDrive
 .text.HAL_RCC_OscConfig
                0x08000b68      0x334 Drivers/STM32F7xx_HAL_Driver/stm32f7xx_hal_rcc.o
                0x08000b68                HAL_RCC_OscConfig
 .text.HAL_RCC_GetSysClockFreq
                0x08000e9c       0x7c Drivers/STM32F7xx_HAL_Driver/stm32f7xx_hal_rcc.o
                0x08000e9c                HAL_RCC_GetSysClockFreq
 .text.HAL_RCC_ClockConfig
                0x08000f18      0x154 Drivers/STM32F7xx_HAL_Driver/stm32f7xx_hal_rcc.o
                0x08000f18                HAL_RCC_ClockConfig
 .text.HAL_RCC_GetHCLKFreq
                0x0800106c        0xc Drivers/STM32F7xx_HAL_Driver/stm32f7xx_hal_rcc.o
                0x0800106c                HAL_RCC_GetHCLKFreq
 .text.HAL_RCC_GetPCLK1Freq
                0x08001078       0x30 Drivers/STM32F7xx_HAL_Driver/stm32f7xx_hal_rcc.o
                0x08001078                HAL_RCC_GetPCLK1Freq
 .text.HAL_RCC_GetPCLK2Freq
                0x080010a8       0x30 Drivers/STM32F7xx_HAL_Driver/stm32f7xx_hal_rcc.o
                0x080010a8                HAL_RCC_GetPCLK2Freq
 .text.HAL_RCCEx_PeriphCLKConfig
                0x080010d8      0x74c Drivers/STM32F7xx_HAL_Driver/stm32f7xx_hal_rcc_ex.o
                0x080010d8                HAL_RCCEx_PeriphCLKConfig
 .text.HAL_TIM_Base_Start_IT
                0x08001824       0x16 Drivers/STM32F7xx_HAL_Driver/stm32f7xx_hal_tim.o
                0x08001824                HAL_TIM_Base_Start_IT
 .text.HAL_TIM_OC_DelayElapsedCallback
                0x0800183a        0x2 Drivers/STM32F7xx_HAL_Driver/stm32f7xx_hal_tim.o
                0x0800183a                HAL_TIM_OC_DelayElapsedCallback
 .text.HAL_TIM_IC_CaptureCallback
                0x0800183c        0x2 Drivers/STM32F7xx_HAL_Driver/stm32f7xx_hal_tim.o
                0x0800183c                HAL_TIM_IC_CaptureCallback
 .text.HAL_TIM_PWM_PulseFinishedCallback
                0x0800183e        0x2 Drivers/STM32F7xx_HAL_Driver/stm32f7xx_hal_tim.o
                0x0800183e                HAL_TIM_PWM_PulseFinishedCallback
 .text.HAL_TIM_TriggerCallback
                0x08001840        0x2 Drivers/STM32F7xx_HAL_Driver/stm32f7xx_hal_tim.o
                0x08001840                HAL_TIM_TriggerCallback
 .text.HAL_TIM_IRQHandler
                0x08001842      0x15e Drivers/STM32F7xx_HAL_Driver/stm32f7xx_hal_tim.o
                0x08001842                HAL_TIM_IRQHandler
 .text.TIM_Base_SetConfig
                0x080019a0       0xc8 Drivers/STM32F7xx_HAL_Driver/stm32f7xx_hal_tim.o
                0x080019a0                TIM_Base_SetConfig
 .text.HAL_TIM_Base_Init
                0x08001a68       0x2c Drivers/STM32F7xx_HAL_Driver/stm32f7xx_hal_tim.o
                0x08001a68                HAL_TIM_Base_Init
 .text.HAL_TIMEx_CommutationCallback
                0x08001a94        0x2 Drivers/STM32F7xx_HAL_Driver/stm32f7xx_hal_tim_ex.o
                0x08001a94                HAL_TIMEx_CommutationCallback
 .text.HAL_TIMEx_BreakCallback
                0x08001a96        0x2 Drivers/STM32F7xx_HAL_Driver/stm32f7xx_hal_tim_ex.o
                0x08001a96                HAL_TIMEx_BreakCallback
 .text.UART_EndRxTransfer
                0x08001a98       0x1a Drivers/STM32F7xx_HAL_Driver/stm32f7xx_hal_uart.o
 .text.HAL_UART_Transmit_IT
                0x08001ab2       0x42 Drivers/STM32F7xx_HAL_Driver/stm32f7xx_hal_uart.o
                0x08001ab2                HAL_UART_Transmit_IT
 .text.HAL_UART_Receive_IT
                0x08001af4       0x8e Drivers/STM32F7xx_HAL_Driver/stm32f7xx_hal_uart.o
                0x08001af4                HAL_UART_Receive_IT
 .text.UART_WaitOnFlagUntilTimeout
                0x08001b82       0x62 Drivers/STM32F7xx_HAL_Driver/stm32f7xx_hal_uart.o
                0x08001b82                UART_WaitOnFlagUntilTimeout
 .text.HAL_UART_TxCpltCallback
                0x08001be4        0x2 Drivers/STM32F7xx_HAL_Driver/stm32f7xx_hal_uart.o
                0x08001be4                HAL_UART_TxCpltCallback
 .text.UART_Receive_IT
                0x08001be6       0x72 Drivers/STM32F7xx_HAL_Driver/stm32f7xx_hal_uart.o
 .text.HAL_UART_ErrorCallback
                0x08001c58        0x2 Drivers/STM32F7xx_HAL_Driver/stm32f7xx_hal_uart.o
                0x08001c58                HAL_UART_ErrorCallback
 *fill*         0x08001c5a        0x2 
 .text.HAL_UART_IRQHandler
                0x08001c5c      0x158 Drivers/STM32F7xx_HAL_Driver/stm32f7xx_hal_uart.o
                0x08001c5c                HAL_UART_IRQHandler
 .text.UART_DMAAbortOnError
                0x08001db4       0x14 Drivers/STM32F7xx_HAL_Driver/stm32f7xx_hal_uart.o
 .text.UART_SetConfig
                0x08001dc8      0x268 Drivers/STM32F7xx_HAL_Driver/stm32f7xx_hal_uart.o
                0x08001dc8                UART_SetConfig
 .text.UART_AdvFeatureConfig
                0x08002030       0xaa Drivers/STM32F7xx_HAL_Driver/stm32f7xx_hal_uart.o
                0x08002030                UART_AdvFeatureConfig
 .text.UART_CheckIdleState
                0x080020da       0x68 Drivers/STM32F7xx_HAL_Driver/stm32f7xx_hal_uart.o
                0x080020da                UART_CheckIdleState
 .text.HAL_UART_Init
                0x08002142       0x64 Drivers/STM32F7xx_HAL_Driver/stm32f7xx_hal_uart.o
                0x08002142                HAL_UART_Init
 *fill*         0x080021a6        0x2 
 .text.__libc_init_array
                0x080021a8       0x4c d:/eclipsehal/plugins/fr.ac6.mcu.externaltools.arm-none.win32_1.11.0.201610101338/tools/gcc-arm-none-eabi-5_4-2016q2-20160622-win32/bin/../lib/gcc/arm-none-eabi/5.4.1/../../../../arm-none-eabi/lib/armv7e-m/fpu/fpv5-sp-d16\libc_nano.a(lib_a-init.o)
                0x080021a8                __libc_init_array
 *(.glue_7)
 .glue_7        0x080021f4        0x0 linker stubs
 *(.glue_7t)
 .glue_7t       0x080021f4        0x0 linker stubs
 *(.eh_frame)
 .eh_frame      0x080021f4        0x0 d:/eclipsehal/plugins/fr.ac6.mcu.externaltools.arm-none.win32_1.11.0.201610101338/tools/gcc-arm-none-eabi-5_4-2016q2-20160622-win32/bin/../lib/gcc/arm-none-eabi/5.4.1/armv7e-m/fpu/fpv5-sp-d16/crtbegin.o
 *(.init)
 .init          0x080021f4        0x4 d:/eclipsehal/plugins/fr.ac6.mcu.externaltools.arm-none.win32_1.11.0.201610101338/tools/gcc-arm-none-eabi-5_4-2016q2-20160622-win32/bin/../lib/gcc/arm-none-eabi/5.4.1/armv7e-m/fpu/fpv5-sp-d16/crti.o
                0x080021f4                _init
 .init          0x080021f8        0x8 d:/eclipsehal/plugins/fr.ac6.mcu.externaltools.arm-none.win32_1.11.0.201610101338/tools/gcc-arm-none-eabi-5_4-2016q2-20160622-win32/bin/../lib/gcc/arm-none-eabi/5.4.1/armv7e-m/fpu/fpv5-sp-d16/crtn.o
 *(.fini)
 .fini          0x08002200        0x4 d:/eclipsehal/plugins/fr.ac6.mcu.externaltools.arm-none.win32_1.11.0.201610101338/tools/gcc-arm-none-eabi-5_4-2016q2-20160622-win32/bin/../lib/gcc/arm-none-eabi/5.4.1/armv7e-m/fpu/fpv5-sp-d16/crti.o
                0x08002200                _fini
 .fini          0x08002204        0x8 d:/eclipsehal/plugins/fr.ac6.mcu.externaltools.arm-none.win32_1.11.0.201610101338/tools/gcc-arm-none-eabi-5_4-2016q2-20160622-win32/bin/../lib/gcc/arm-none-eabi/5.4.1/armv7e-m/fpu/fpv5-sp-d16/crtn.o
                0x0800220c                . = ALIGN (0x4)
                0x0800220c                _etext = .

.vfp11_veneer   0x0800220c        0x0
 .vfp11_veneer  0x0800220c        0x0 linker stubs

.v4_bx          0x0800220c        0x0
 .v4_bx         0x0800220c        0x0 linker stubs

.iplt           0x0800220c        0x0
 .iplt          0x0800220c        0x0 d:/eclipsehal/plugins/fr.ac6.mcu.externaltools.arm-none.win32_1.11.0.201610101338/tools/gcc-arm-none-eabi-5_4-2016q2-20160622-win32/bin/../lib/gcc/arm-none-eabi/5.4.1/armv7e-m/fpu/fpv5-sp-d16/crtbegin.o

.rodata         0x0800220c       0x2c
                0x0800220c                . = ALIGN (0x4)
 *(.rodata)
 .rodata        0x0800220c       0x18 Drivers/CMSIS/system_stm32f7xx.o
                0x0800220c                AHBPrescTable
                0x0800221c                APBPrescTable
 .rodata        0x08002224       0x11 Drivers/STM32F7xx_HAL_Driver/stm32f7xx_hal_uart.o
 *(.rodata*)
                0x08002238                . = ALIGN (0x4)
 *fill*         0x08002235        0x3 

.rel.dyn        0x08002238        0x0
 .rel.iplt      0x08002238        0x0 d:/eclipsehal/plugins/fr.ac6.mcu.externaltools.arm-none.win32_1.11.0.201610101338/tools/gcc-arm-none-eabi-5_4-2016q2-20160622-win32/bin/../lib/gcc/arm-none-eabi/5.4.1/armv7e-m/fpu/fpv5-sp-d16/crtbegin.o

.ARM.extab
 *(.ARM.extab* .gnu.linkonce.armextab.*)

.ARM            0x08002238        0x0
                0x08002238                __exidx_start = .
 *(.ARM.exidx*)
                0x08002238                __exidx_end = .

.preinit_array  0x08002238        0x0
                0x08002238                PROVIDE (__preinit_array_start, .)
 *(.preinit_array*)
                0x08002238                PROVIDE (__preinit_array_end, .)

.init_array     0x08002238        0x4
                0x08002238                PROVIDE (__init_array_start, .)
 *(SORT(.init_array.*))
 *(.init_array*)
 .init_array    0x08002238        0x4 d:/eclipsehal/plugins/fr.ac6.mcu.externaltools.arm-none.win32_1.11.0.201610101338/tools/gcc-arm-none-eabi-5_4-2016q2-20160622-win32/bin/../lib/gcc/arm-none-eabi/5.4.1/armv7e-m/fpu/fpv5-sp-d16/crtbegin.o
                0x0800223c                PROVIDE (__init_array_end, .)

.fini_array     0x0800223c        0x4
                [!provide]                PROVIDE (__fini_array_start, .)
 *(SORT(.fini_array.*))
 *(.fini_array*)
 .fini_array    0x0800223c        0x4 d:/eclipsehal/plugins/fr.ac6.mcu.externaltools.arm-none.win32_1.11.0.201610101338/tools/gcc-arm-none-eabi-5_4-2016q2-20160622-win32/bin/../lib/gcc/arm-none-eabi/5.4.1/armv7e-m/fpu/fpv5-sp-d16/crtbegin.o
                [!provide]                PROVIDE (__fini_array_end, .)
                0x08002240                _sidata = LOADADDR (.data)

.data           0x20000000        0x4 load address 0x08002240
                0x20000000                . = ALIGN (0x4)
                0x20000000                _sdata = .
 *(.data)
 .data          0x20000000        0x4 Drivers/CMSIS/system_stm32f7xx.o
                0x20000000                SystemCoreClock
 *(.data*)
                0x20000004                . = ALIGN (0x4)
                0x20000004                _edata = .

.jcr            0x20000004        0x0 load address 0x08002244
 .jcr           0x20000004        0x0 d:/eclipsehal/plugins/fr.ac6.mcu.externaltools.arm-none.win32_1.11.0.201610101338/tools/gcc-arm-none-eabi-5_4-2016q2-20160622-win32/bin/../lib/gcc/arm-none-eabi/5.4.1/armv7e-m/fpu/fpv5-sp-d16/crtbegin.o

.igot.plt       0x20000004        0x0 load address 0x08002244
 .igot.plt      0x20000004        0x0 d:/eclipsehal/plugins/fr.ac6.mcu.externaltools.arm-none.win32_1.11.0.201610101338/tools/gcc-arm-none-eabi-5_4-2016q2-20160622-win32/bin/../lib/gcc/arm-none-eabi/5.4.1/armv7e-m/fpu/fpv5-sp-d16/crtbegin.o
                0x20000004                . = ALIGN (0x4)

.bss            0x20000004       0xfc load address 0x08002244
                0x20000004                _sbss = .
                0x20000004                __bss_start__ = _sbss
 *(.bss)
 .bss           0x20000004       0x1c d:/eclipsehal/plugins/fr.ac6.mcu.externaltools.arm-none.win32_1.11.0.201610101338/tools/gcc-arm-none-eabi-5_4-2016q2-20160622-win32/bin/../lib/gcc/arm-none-eabi/5.4.1/armv7e-m/fpu/fpv5-sp-d16/crtbegin.o
 *(.bss*)
 *(COMMON)
 COMMON         0x20000020       0xd9 Application/User/main.o
                0x20000020                x
                0x20000028                htim10
                0x20000064                par
                0x20000070                send
                0x20000074                d
                0x20000088                huart6
                0x200000f8                recieve
 *fill*         0x200000f9        0x3 
 COMMON         0x200000fc        0x4 Drivers/STM32F7xx_HAL_Driver/stm32f7xx_hal.o
                0x200000fc                uwTick
                0x20000100                . = ALIGN (0x4)
                0x20000100                _ebss = .
                0x20000100                __bss_end__ = _ebss

._user_heap_stack
                0x20000100      0x600 load address 0x08002244
                0x20000100                . = ALIGN (0x8)
                [!provide]                PROVIDE (end, .)
                [!provide]                PROVIDE (_end, .)
                0x20000300                . = (. + _Min_Heap_Size)
 *fill*         0x20000100      0x200 
                0x20000700                . = (. + _Min_Stack_Size)
 *fill*         0x20000300      0x400 
                0x20000700                . = ALIGN (0x8)

/DISCARD/
 libc.a(*)
 libm.a(*)
 libgcc.a(*)

.ARM.attributes
                0x00000000       0x30
 *(.ARM.attributes)
 .ARM.attributes
                0x00000000       0x22 d:/eclipsehal/plugins/fr.ac6.mcu.externaltools.arm-none.win32_1.11.0.201610101338/tools/gcc-arm-none-eabi-5_4-2016q2-20160622-win32/bin/../lib/gcc/arm-none-eabi/5.4.1/armv7e-m/fpu/fpv5-sp-d16/crti.o
 .ARM.attributes
                0x00000022       0x34 d:/eclipsehal/plugins/fr.ac6.mcu.externaltools.arm-none.win32_1.11.0.201610101338/tools/gcc-arm-none-eabi-5_4-2016q2-20160622-win32/bin/../lib/gcc/arm-none-eabi/5.4.1/armv7e-m/fpu/fpv5-sp-d16/crtbegin.o
 .ARM.attributes
                0x00000056       0x21 Application/SW4STM32/startup_stm32f746xx.o
 .ARM.attributes
                0x00000077       0x39 Application/User/dc_model.o
 .ARM.attributes
                0x000000b0       0x39 Application/User/main.o
 .ARM.attributes
                0x000000e9       0x39 Application/User/stm32f7xx_hal_msp.o
 .ARM.attributes
                0x00000122       0x39 Application/User/stm32f7xx_it.o
 .ARM.attributes
                0x0000015b       0x39 Drivers/CMSIS/system_stm32f7xx.o
 .ARM.attributes
                0x00000194       0x39 Drivers/STM32F7xx_HAL_Driver/stm32f7xx_hal.o
 .ARM.attributes
                0x000001cd       0x39 Drivers/STM32F7xx_HAL_Driver/stm32f7xx_hal_cortex.o
 .ARM.attributes
                0x00000206       0x39 Drivers/STM32F7xx_HAL_Driver/stm32f7xx_hal_dma.o
 .ARM.attributes
                0x0000023f       0x39 Drivers/STM32F7xx_HAL_Driver/stm32f7xx_hal_gpio.o
 .ARM.attributes
                0x00000278       0x39 Drivers/STM32F7xx_HAL_Driver/stm32f7xx_hal_pwr_ex.o
 .ARM.attributes
                0x000002b1       0x39 Drivers/STM32F7xx_HAL_Driver/stm32f7xx_hal_rcc.o
 .ARM.attributes
                0x000002ea       0x39 Drivers/STM32F7xx_HAL_Driver/stm32f7xx_hal_rcc_ex.o
 .ARM.attributes
                0x00000323       0x39 Drivers/STM32F7xx_HAL_Driver/stm32f7xx_hal_tim.o
 .ARM.attributes
                0x0000035c       0x39 Drivers/STM32F7xx_HAL_Driver/stm32f7xx_hal_tim_ex.o
 .ARM.attributes
                0x00000395       0x39 Drivers/STM32F7xx_HAL_Driver/stm32f7xx_hal_uart.o
 .ARM.attributes
                0x000003ce       0x34 d:/eclipsehal/plugins/fr.ac6.mcu.externaltools.arm-none.win32_1.11.0.201610101338/tools/gcc-arm-none-eabi-5_4-2016q2-20160622-win32/bin/../lib/gcc/arm-none-eabi/5.4.1/../../../../arm-none-eabi/lib/armv7e-m/fpu/fpv5-sp-d16\libc_nano.a(lib_a-init.o)
 .ARM.attributes
                0x00000402       0x22 d:/eclipsehal/plugins/fr.ac6.mcu.externaltools.arm-none.win32_1.11.0.201610101338/tools/gcc-arm-none-eabi-5_4-2016q2-20160622-win32/bin/../lib/gcc/arm-none-eabi/5.4.1/armv7e-m/fpu/fpv5-sp-d16/crtn.o
OUTPUT(Plant.elf elf32-littlearm)

.debug_line     0x00000000     0xaa84
 .debug_line    0x00000000       0xd9 Application/SW4STM32/startup_stm32f746xx.o
 .debug_line    0x000000d9       0xb4 Application/User/dc_model.o
 .debug_line    0x0000018d      0x941 Application/User/main.o
 .debug_line    0x00000ace      0x8ec Application/User/stm32f7xx_hal_msp.o
 .debug_line    0x000013ba      0x8f9 Application/User/stm32f7xx_it.o
 .debug_line    0x00001cb3      0x8bf Drivers/CMSIS/system_stm32f7xx.o
 .debug_line    0x00002572      0xa14 Drivers/STM32F7xx_HAL_Driver/stm32f7xx_hal.o
 .debug_line    0x00002f86      0xa80 Drivers/STM32F7xx_HAL_Driver/stm32f7xx_hal_cortex.o
 .debug_line    0x00003a06      0xb92 Drivers/STM32F7xx_HAL_Driver/stm32f7xx_hal_dma.o
 .debug_line    0x00004598      0xa76 Drivers/STM32F7xx_HAL_Driver/stm32f7xx_hal_gpio.o
 .debug_line    0x0000500e      0x9e5 Drivers/STM32F7xx_HAL_Driver/stm32f7xx_hal_pwr_ex.o
 .debug_line    0x000059f3      0xc45 Drivers/STM32F7xx_HAL_Driver/stm32f7xx_hal_rcc.o
 .debug_line    0x00006638      0xcb1 Drivers/STM32F7xx_HAL_Driver/stm32f7xx_hal_rcc_ex.o
 .debug_line    0x000072e9     0x17bd Drivers/STM32F7xx_HAL_Driver/stm32f7xx_hal_tim.o
 .debug_line    0x00008aa6      0xe5b Drivers/STM32F7xx_HAL_Driver/stm32f7xx_hal_tim_ex.o
 .debug_line    0x00009901     0x1183 Drivers/STM32F7xx_HAL_Driver/stm32f7xx_hal_uart.o

.debug_info     0x00000000     0xe4f0
 .debug_info    0x00000000       0xe2 Application/SW4STM32/startup_stm32f746xx.o
 .debug_info    0x000000e2      0x297 Application/User/dc_model.o
 .debug_info    0x00000379     0x16f3 Application/User/main.o
 .debug_info    0x00001a6c     0x10b6 Application/User/stm32f7xx_hal_msp.o
 .debug_info    0x00002b22      0x9a9 Application/User/stm32f7xx_it.o
 .debug_info    0x000034cb      0x6e9 Drivers/CMSIS/system_stm32f7xx.o
 .debug_info    0x00003bb4      0x8e7 Drivers/STM32F7xx_HAL_Driver/stm32f7xx_hal.o
 .debug_info    0x0000449b     0x10a1 Drivers/STM32F7xx_HAL_Driver/stm32f7xx_hal_cortex.o
 .debug_info    0x0000553c      0xa2c Drivers/STM32F7xx_HAL_Driver/stm32f7xx_hal_dma.o
 .debug_info    0x00005f68      0x758 Drivers/STM32F7xx_HAL_Driver/stm32f7xx_hal_gpio.o
 .debug_info    0x000066c0      0x9d5 Drivers/STM32F7xx_HAL_Driver/stm32f7xx_hal_pwr_ex.o
 .debug_info    0x00007095      0xcd3 Drivers/STM32F7xx_HAL_Driver/stm32f7xx_hal_rcc.o
 .debug_info    0x00007d68      0xf6c Drivers/STM32F7xx_HAL_Driver/stm32f7xx_hal_rcc_ex.o
 .debug_info    0x00008cd4     0x2d41 Drivers/STM32F7xx_HAL_Driver/stm32f7xx_hal_tim.o
 .debug_info    0x0000ba15     0x131e Drivers/STM32F7xx_HAL_Driver/stm32f7xx_hal_tim_ex.o
 .debug_info    0x0000cd33     0x17bd Drivers/STM32F7xx_HAL_Driver/stm32f7xx_hal_uart.o

.debug_abbrev   0x00000000     0x21b7
 .debug_abbrev  0x00000000       0x12 Application/SW4STM32/startup_stm32f746xx.o
 .debug_abbrev  0x00000012      0x104 Application/User/dc_model.o
 .debug_abbrev  0x00000116      0x2a7 Application/User/main.o
 .debug_abbrev  0x000003bd      0x1bb Application/User/stm32f7xx_hal_msp.o
 .debug_abbrev  0x00000578      0x1b0 Application/User/stm32f7xx_it.o
 .debug_abbrev  0x00000728      0x120 Drivers/CMSIS/system_stm32f7xx.o
 .debug_abbrev  0x00000848      0x1e5 Drivers/STM32F7xx_HAL_Driver/stm32f7xx_hal.o
 .debug_abbrev  0x00000a2d      0x332 Drivers/STM32F7xx_HAL_Driver/stm32f7xx_hal_cortex.o
 .debug_abbrev  0x00000d5f      0x2e0 Drivers/STM32F7xx_HAL_Driver/stm32f7xx_hal_dma.o
 .debug_abbrev  0x0000103f      0x1cb Drivers/STM32F7xx_HAL_Driver/stm32f7xx_hal_gpio.o
 .debug_abbrev  0x0000120a      0x1ec Drivers/STM32F7xx_HAL_Driver/stm32f7xx_hal_pwr_ex.o
 .debug_abbrev  0x000013f6      0x2dd Drivers/STM32F7xx_HAL_Driver/stm32f7xx_hal_rcc.o
 .debug_abbrev  0x000016d3      0x231 Drivers/STM32F7xx_HAL_Driver/stm32f7xx_hal_rcc_ex.o
 .debug_abbrev  0x00001904      0x314 Drivers/STM32F7xx_HAL_Driver/stm32f7xx_hal_tim.o
 .debug_abbrev  0x00001c18      0x273 Drivers/STM32F7xx_HAL_Driver/stm32f7xx_hal_tim_ex.o
 .debug_abbrev  0x00001e8b      0x32c Drivers/STM32F7xx_HAL_Driver/stm32f7xx_hal_uart.o

.debug_aranges  0x00000000      0x990
 .debug_aranges
                0x00000000       0x28 Application/SW4STM32/startup_stm32f746xx.o
 .debug_aranges
                0x00000028       0x30 Application/User/dc_model.o
 .debug_aranges
                0x00000058       0x40 Application/User/main.o
 .debug_aranges
                0x00000098       0x40 Application/User/stm32f7xx_hal_msp.o
 .debug_aranges
                0x000000d8       0x58 Application/User/stm32f7xx_it.o
 .debug_aranges
                0x00000130       0x28 Drivers/CMSIS/system_stm32f7xx.o
 .debug_aranges
                0x00000158       0xc8 Drivers/STM32F7xx_HAL_Driver/stm32f7xx_hal.o
 .debug_aranges
                0x00000220       0x98 Drivers/STM32F7xx_HAL_Driver/stm32f7xx_hal_cortex.o
 .debug_aranges
                0x000002b8       0x80 Drivers/STM32F7xx_HAL_Driver/stm32f7xx_hal_dma.o
 .debug_aranges
                0x00000338       0x58 Drivers/STM32F7xx_HAL_Driver/stm32f7xx_hal_gpio.o
 .debug_aranges
                0x00000390       0x80 Drivers/STM32F7xx_HAL_Driver/stm32f7xx_hal_pwr_ex.o
 .debug_aranges
                0x00000410       0x88 Drivers/STM32F7xx_HAL_Driver/stm32f7xx_hal_rcc.o
 .debug_aranges
                0x00000498       0x30 Drivers/STM32F7xx_HAL_Driver/stm32f7xx_hal_rcc_ex.o
 .debug_aranges
                0x000004c8      0x260 Drivers/STM32F7xx_HAL_Driver/stm32f7xx_hal_tim.o
 .debug_aranges
                0x00000728      0x120 Drivers/STM32F7xx_HAL_Driver/stm32f7xx_hal_tim_ex.o
 .debug_aranges
                0x00000848      0x148 Drivers/STM32F7xx_HAL_Driver/stm32f7xx_hal_uart.o

.debug_ranges   0x00000000      0xfe8
 .debug_ranges  0x00000000       0x20 Application/SW4STM32/startup_stm32f746xx.o
 .debug_ranges  0x00000020       0x20 Application/User/dc_model.o
 .debug_ranges  0x00000040       0xd8 Application/User/main.o
 .debug_ranges  0x00000118       0x70 Application/User/stm32f7xx_hal_msp.o
 .debug_ranges  0x00000188       0x48 Application/User/stm32f7xx_it.o
 .debug_ranges  0x000001d0       0x18 Drivers/CMSIS/system_stm32f7xx.o
 .debug_ranges  0x000001e8       0xb8 Drivers/STM32F7xx_HAL_Driver/stm32f7xx_hal.o
 .debug_ranges  0x000002a0      0x140 Drivers/STM32F7xx_HAL_Driver/stm32f7xx_hal_cortex.o
 .debug_ranges  0x000003e0       0xa0 Drivers/STM32F7xx_HAL_Driver/stm32f7xx_hal_dma.o
 .debug_ranges  0x00000480       0x70 Drivers/STM32F7xx_HAL_Driver/stm32f7xx_hal_gpio.o
 .debug_ranges  0x000004f0       0xf8 Drivers/STM32F7xx_HAL_Driver/stm32f7xx_hal_pwr_ex.o
 .debug_ranges  0x000005e8      0x1b0 Drivers/STM32F7xx_HAL_Driver/stm32f7xx_hal_rcc.o
 .debug_ranges  0x00000798      0x320 Drivers/STM32F7xx_HAL_Driver/stm32f7xx_hal_rcc_ex.o
 .debug_ranges  0x00000ab8      0x2e8 Drivers/STM32F7xx_HAL_Driver/stm32f7xx_hal_tim.o
 .debug_ranges  0x00000da0      0x110 Drivers/STM32F7xx_HAL_Driver/stm32f7xx_hal_tim_ex.o
 .debug_ranges  0x00000eb0      0x138 Drivers/STM32F7xx_HAL_Driver/stm32f7xx_hal_uart.o

.debug_loc      0x00000000     0x72fe
 .debug_loc     0x00000000      0x145 Application/User/dc_model.o
 .debug_loc     0x00000145       0x4d Application/User/main.o
 .debug_loc     0x00000192       0x9a Application/User/stm32f7xx_hal_msp.o
 .debug_loc     0x0000022c       0xec Drivers/CMSIS/system_stm32f7xx.o
 .debug_loc     0x00000318       0x6a Drivers/STM32F7xx_HAL_Driver/stm32f7xx_hal.o
 .debug_loc     0x00000382      0x4cd Drivers/STM32F7xx_HAL_Driver/stm32f7xx_hal_cortex.o
 .debug_loc     0x0000084f      0x7db Drivers/STM32F7xx_HAL_Driver/stm32f7xx_hal_dma.o
 .debug_loc     0x0000102a      0x34f Drivers/STM32F7xx_HAL_Driver/stm32f7xx_hal_gpio.o
 .debug_loc     0x00001379      0x1e8 Drivers/STM32F7xx_HAL_Driver/stm32f7xx_hal_pwr_ex.o
 .debug_loc     0x00001561      0x49b Drivers/STM32F7xx_HAL_Driver/stm32f7xx_hal_rcc.o
 .debug_loc     0x000019fc      0x9b4 Drivers/STM32F7xx_HAL_Driver/stm32f7xx_hal_rcc_ex.o
 .debug_loc     0x000023b0     0x2f22 Drivers/STM32F7xx_HAL_Driver/stm32f7xx_hal_tim.o
 .debug_loc     0x000052d2      0xdb1 Drivers/STM32F7xx_HAL_Driver/stm32f7xx_hal_tim_ex.o
 .debug_loc     0x00006083     0x127b Drivers/STM32F7xx_HAL_Driver/stm32f7xx_hal_uart.o

.debug_macro    0x00000000    0x17a4e
 .debug_macro   0x00000000       0x1b Application/User/dc_model.o
 .debug_macro   0x0000001b      0x89e Application/User/dc_model.o
 .debug_macro   0x000008b9      0x329 Application/User/main.o
 .debug_macro   0x00000be2       0x16 Application/User/main.o
 .debug_macro   0x00000bf8      0x1af Application/User/main.o
 .debug_macro   0x00000da7       0x2e Application/User/main.o
 .debug_macro   0x00000dd5       0x3b Application/User/main.o
 .debug_macro   0x00000e10       0x22 Application/User/main.o
 .debug_macro   0x00000e32       0x87 Application/User/main.o
 .debug_macro   0x00000eb9       0x44 Application/User/main.o
 .debug_macro   0x00000efd       0xfd Application/User/main.o
 .debug_macro   0x00000ffa       0x5e Application/User/main.o
 .debug_macro   0x00001058      0x1df Application/User/main.o
 .debug_macro   0x00001237       0x35 Application/User/main.o
 .debug_macro   0x0000126c       0x50 Application/User/main.o
 .debug_macro   0x000012bc     0x1114 Application/User/main.o
 .debug_macro   0x000023d0     0xaa96 Application/User/main.o
 .debug_macro   0x0000ce66       0x43 Application/User/main.o
 .debug_macro   0x0000cea9     0x3520 Application/User/main.o
 .debug_macro   0x000103c9       0x52 Application/User/main.o
 .debug_macro   0x0001041b       0x35 Application/User/main.o
 .debug_macro   0x00010450       0x9c Application/User/main.o
 .debug_macro   0x000104ec       0x16 Application/User/main.o
 .debug_macro   0x00010502       0x97 Application/User/main.o
 .debug_macro   0x00010599      0x30d Application/User/main.o
 .debug_macro   0x000108a6       0xfd Application/User/main.o
 .debug_macro   0x000109a3       0x10 Application/User/main.o
 .debug_macro   0x000109b3       0x52 Application/User/main.o
 .debug_macro   0x00010a05       0x1f Application/User/main.o
 .debug_macro   0x00010a24       0x43 Application/User/main.o
 .debug_macro   0x00010a67       0x20 Application/User/main.o
 .debug_macro   0x00010a87      0x187 Application/User/main.o
 .debug_macro   0x00010c0e       0x10 Application/User/main.o
 .debug_macro   0x00010c1e       0x1c Application/User/main.o
 .debug_macro   0x00010c3a       0x52 Application/User/main.o
 .debug_macro   0x00010c8c       0x40 Application/User/main.o
 .debug_macro   0x00010ccc       0x10 Application/User/main.o
 .debug_macro   0x00010cdc       0x40 Application/User/main.o
 .debug_macro   0x00010d1c       0xd7 Application/User/main.o
 .debug_macro   0x00010df3       0x16 Application/User/main.o
 .debug_macro   0x00010e09      0x189 Application/User/main.o
 .debug_macro   0x00010f92       0x50 Application/User/main.o
 .debug_macro   0x00010fe2     0x18ad Application/User/main.o
 .debug_macro   0x0001288f      0x6a2 Application/User/main.o
 .debug_macro   0x00012f31      0x11e Application/User/main.o
 .debug_macro   0x0001304f      0x204 Application/User/main.o
 .debug_macro   0x00013253       0x27 Application/User/main.o
 .debug_macro   0x0001327a      0x24f Application/User/main.o
 .debug_macro   0x000134c9       0x41 Application/User/main.o
 .debug_macro   0x0001350a       0x58 Application/User/main.o
 .debug_macro   0x00013562      0x23a Application/User/main.o
 .debug_macro   0x0001379c      0x149 Application/User/main.o
 .debug_macro   0x000138e5      0x25d Application/User/main.o
 .debug_macro   0x00013b42       0x12 Application/User/main.o
 .debug_macro   0x00013b54      0x209 Application/User/main.o
 .debug_macro   0x00013d5d       0x22 Application/User/main.o
 .debug_macro   0x00013d7f       0x90 Application/User/main.o
 .debug_macro   0x00013e0f      0x133 Application/User/main.o
 .debug_macro   0x00013f42      0x10c Application/User/main.o
 .debug_macro   0x0001404e       0x35 Application/User/main.o
 .debug_macro   0x00014083      0x677 Application/User/main.o
 .debug_macro   0x000146fa      0x24f Application/User/main.o
 .debug_macro   0x00014949      0x138 Application/User/main.o
 .debug_macro   0x00014a81      0x4e8 Application/User/main.o
 .debug_macro   0x00014f69       0x47 Application/User/main.o
 .debug_macro   0x00014fb0      0x14a Application/User/main.o
 .debug_macro   0x000150fa      0x31f Application/User/stm32f7xx_hal_msp.o
 .debug_macro   0x00015419      0x329 Application/User/stm32f7xx_it.o
 .debug_macro   0x00015742      0x316 Drivers/CMSIS/system_stm32f7xx.o
 .debug_macro   0x00015a58      0x343 Drivers/STM32F7xx_HAL_Driver/stm32f7xx_hal.o
 .debug_macro   0x00015d9b      0x31f Drivers/STM32F7xx_HAL_Driver/stm32f7xx_hal_cortex.o
 .debug_macro   0x000160ba      0x326 Drivers/STM32F7xx_HAL_Driver/stm32f7xx_hal_dma.o
 .debug_macro   0x000163e0      0x357 Drivers/STM32F7xx_HAL_Driver/stm32f7xx_hal_gpio.o
 .debug_macro   0x00016737      0x337 Drivers/STM32F7xx_HAL_Driver/stm32f7xx_hal_pwr_ex.o
 .debug_macro   0x00016a6e      0x343 Drivers/STM32F7xx_HAL_Driver/stm32f7xx_hal_rcc.o
 .debug_macro   0x00016db1      0x32b Drivers/STM32F7xx_HAL_Driver/stm32f7xx_hal_rcc_ex.o
 .debug_macro   0x000170dc      0x320 Drivers/STM32F7xx_HAL_Driver/stm32f7xx_hal_tim.o
 .debug_macro   0x000173fc      0x32b Drivers/STM32F7xx_HAL_Driver/stm32f7xx_hal_tim_ex.o
 .debug_macro   0x00017727      0x327 Drivers/STM32F7xx_HAL_Driver/stm32f7xx_hal_uart.o

.debug_str      0x00000000    0x88f73
 .debug_str     0x00000000     0x25de Application/User/dc_model.o
 .debug_str     0x000025de    0x83f74 Application/User/main.o
                              0x868c1 (size before relaxing)
 .debug_str     0x00086552      0x100 Application/User/stm32f7xx_hal_msp.o
                              0x8637d (size before relaxing)
 .debug_str     0x00086652      0x12f Application/User/stm32f7xx_it.o
                              0x85c66 (size before relaxing)
 .debug_str     0x00086781      0x20e Drivers/CMSIS/system_stm32f7xx.o
                              0x84697 (size before relaxing)
 .debug_str     0x0008698f      0x345 Drivers/STM32F7xx_HAL_Driver/stm32f7xx_hal.o
                              0x85fd7 (size before relaxing)
 .debug_str     0x00086cd4      0x30b Drivers/STM32F7xx_HAL_Driver/stm32f7xx_hal_cortex.o
                              0x8606e (size before relaxing)
 .debug_str     0x00086fdf      0x359 Drivers/STM32F7xx_HAL_Driver/stm32f7xx_hal_dma.o
                              0x85ab2 (size before relaxing)
 .debug_str     0x00087338      0x22c Drivers/STM32F7xx_HAL_Driver/stm32f7xx_hal_gpio.o
                              0x85932 (size before relaxing)
 .debug_str     0x00087564      0x208 Drivers/STM32F7xx_HAL_Driver/stm32f7xx_hal_pwr_ex.o
                              0x859ee (size before relaxing)
 .debug_str     0x0008776c      0x248 Drivers/STM32F7xx_HAL_Driver/stm32f7xx_hal_rcc.o
                              0x85aa6 (size before relaxing)
 .debug_str     0x000879b4      0x130 Drivers/STM32F7xx_HAL_Driver/stm32f7xx_hal_rcc_ex.o
                              0x859df (size before relaxing)
 .debug_str     0x00087ae4      0xa72 Drivers/STM32F7xx_HAL_Driver/stm32f7xx_hal_tim.o
                              0x86433 (size before relaxing)
 .debug_str     0x00088556      0x500 Drivers/STM32F7xx_HAL_Driver/stm32f7xx_hal_tim_ex.o
                              0x86079 (size before relaxing)
 .debug_str     0x00088a56      0x51d Drivers/STM32F7xx_HAL_Driver/stm32f7xx_hal_uart.o
                              0x86114 (size before relaxing)

.comment        0x00000000       0x6e
 .comment       0x00000000       0x6e Application/User/dc_model.o
                                 0x6f (size before relaxing)
 .comment       0x0000006e       0x6f Application/User/main.o
 .comment       0x0000006e       0x6f Application/User/stm32f7xx_hal_msp.o
 .comment       0x0000006e       0x6f Application/User/stm32f7xx_it.o
 .comment       0x0000006e       0x6f Drivers/CMSIS/system_stm32f7xx.o
 .comment       0x0000006e       0x6f Drivers/STM32F7xx_HAL_Driver/stm32f7xx_hal.o
 .comment       0x0000006e       0x6f Drivers/STM32F7xx_HAL_Driver/stm32f7xx_hal_cortex.o
 .comment       0x0000006e       0x6f Drivers/STM32F7xx_HAL_Driver/stm32f7xx_hal_dma.o
 .comment       0x0000006e       0x6f Drivers/STM32F7xx_HAL_Driver/stm32f7xx_hal_gpio.o
 .comment       0x0000006e       0x6f Drivers/STM32F7xx_HAL_Driver/stm32f7xx_hal_pwr_ex.o
 .comment       0x0000006e       0x6f Drivers/STM32F7xx_HAL_Driver/stm32f7xx_hal_rcc.o
 .comment       0x0000006e       0x6f Drivers/STM32F7xx_HAL_Driver/stm32f7xx_hal_rcc_ex.o
 .comment       0x0000006e       0x6f Drivers/STM32F7xx_HAL_Driver/stm32f7xx_hal_tim.o
 .comment       0x0000006e       0x6f Drivers/STM32F7xx_HAL_Driver/stm32f7xx_hal_tim_ex.o
 .comment       0x0000006e       0x6f Drivers/STM32F7xx_HAL_Driver/stm32f7xx_hal_uart.o

.debug_frame    0x00000000     0x1ad0
 .debug_frame   0x00000000       0x50 Application/User/dc_model.o
 .debug_frame   0x00000050       0x94 Application/User/main.o
 .debug_frame   0x000000e4       0x8c Application/User/stm32f7xx_hal_msp.o
 .debug_frame   0x00000170       0xcc Application/User/stm32f7xx_it.o
 .debug_frame   0x0000023c       0x30 Drivers/CMSIS/system_stm32f7xx.o
 .debug_frame   0x0000026c      0x1a4 Drivers/STM32F7xx_HAL_Driver/stm32f7xx_hal.o
 .debug_frame   0x00000410      0x130 Drivers/STM32F7xx_HAL_Driver/stm32f7xx_hal_cortex.o
 .debug_frame   0x00000540      0x150 Drivers/STM32F7xx_HAL_Driver/stm32f7xx_hal_dma.o
 .debug_frame   0x00000690       0xd4 Drivers/STM32F7xx_HAL_Driver/stm32f7xx_hal_gpio.o
 .debug_frame   0x00000764      0x13c Drivers/STM32F7xx_HAL_Driver/stm32f7xx_hal_pwr_ex.o
 .debug_frame   0x000008a0      0x138 Drivers/STM32F7xx_HAL_Driver/stm32f7xx_hal_rcc.o
 .debug_frame   0x000009d8       0x6c Drivers/STM32F7xx_HAL_Driver/stm32f7xx_hal_rcc_ex.o
 .debug_frame   0x00000a44      0x87c Drivers/STM32F7xx_HAL_Driver/stm32f7xx_hal_tim.o
 .debug_frame   0x000012c0      0x3c8 Drivers/STM32F7xx_HAL_Driver/stm32f7xx_hal_tim_ex.o
 .debug_frame   0x00001688      0x41c Drivers/STM32F7xx_HAL_Driver/stm32f7xx_hal_uart.o
 .debug_frame   0x00001aa4       0x2c d:/eclipsehal/plugins/fr.ac6.mcu.externaltools.arm-none.win32_1.11.0.201610101338/tools/gcc-arm-none-eabi-5_4-2016q2-20160622-win32/bin/../lib/gcc/arm-none-eabi/5.4.1/../../../../arm-none-eabi/lib/armv7e-m/fpu/fpv5-sp-d16\libc_nano.a(lib_a-init.o)
