Archive member included to satisfy reference by file (symbol)

d:/eclipsehal/plugins/fr.ac6.mcu.externaltools.arm-none.win32_1.11.0.201610101338/tools/gcc-arm-none-eabi-5_4-2016q2-20160622-win32/bin/../lib/gcc/arm-none-eabi/5.4.1/armv7e-m/fpu/fpv5-sp-d16\libgcc.a(_arm_addsubdf3.o)
                              Application/User/main.o (__aeabi_f2d)
d:/eclipsehal/plugins/fr.ac6.mcu.externaltools.arm-none.win32_1.11.0.201610101338/tools/gcc-arm-none-eabi-5_4-2016q2-20160622-win32/bin/../lib/gcc/arm-none-eabi/5.4.1/armv7e-m/fpu/fpv5-sp-d16\libgcc.a(_arm_truncdfsf2.o)
                              Application/User/main.o (__aeabi_d2f)
d:/eclipsehal/plugins/fr.ac6.mcu.externaltools.arm-none.win32_1.11.0.201610101338/tools/gcc-arm-none-eabi-5_4-2016q2-20160622-win32/bin/../lib/gcc/arm-none-eabi/5.4.1/../../../../arm-none-eabi/lib/armv7e-m/fpu/fpv5-sp-d16\libc_nano.a(lib_a-atof.o)
                              Application/User/main.o (atof)
d:/eclipsehal/plugins/fr.ac6.mcu.externaltools.arm-none.win32_1.11.0.201610101338/tools/gcc-arm-none-eabi-5_4-2016q2-20160622-win32/bin/../lib/gcc/arm-none-eabi/5.4.1/../../../../arm-none-eabi/lib/armv7e-m/fpu/fpv5-sp-d16\libc_nano.a(lib_a-exit.o)
                              d:/eclipsehal/plugins/fr.ac6.mcu.externaltools.arm-none.win32_1.11.0.201610101338/tools/gcc-arm-none-eabi-5_4-2016q2-20160622-win32/bin/../lib/gcc/arm-none-eabi/5.4.1/../../../../arm-none-eabi/lib/armv7e-m/fpu/fpv5-sp-d16/crt0.o (exit)
d:/eclipsehal/plugins/fr.ac6.mcu.externaltools.arm-none.win32_1.11.0.201610101338/tools/gcc-arm-none-eabi-5_4-2016q2-20160622-win32/bin/../lib/gcc/arm-none-eabi/5.4.1/../../../../arm-none-eabi/lib/armv7e-m/fpu/fpv5-sp-d16\libc_nano.a(lib_a-impure.o)
                              d:/eclipsehal/plugins/fr.ac6.mcu.externaltools.arm-none.win32_1.11.0.201610101338/tools/gcc-arm-none-eabi-5_4-2016q2-20160622-win32/bin/../lib/gcc/arm-none-eabi/5.4.1/../../../../arm-none-eabi/lib/armv7e-m/fpu/fpv5-sp-d16\libc_nano.a(lib_a-exit.o) (_global_impure_ptr)
d:/eclipsehal/plugins/fr.ac6.mcu.externaltools.arm-none.win32_1.11.0.201610101338/tools/gcc-arm-none-eabi-5_4-2016q2-20160622-win32/bin/../lib/gcc/arm-none-eabi/5.4.1/../../../../arm-none-eabi/lib/armv7e-m/fpu/fpv5-sp-d16\libc_nano.a(lib_a-init.o)
                              d:/eclipsehal/plugins/fr.ac6.mcu.externaltools.arm-none.win32_1.11.0.201610101338/tools/gcc-arm-none-eabi-5_4-2016q2-20160622-win32/bin/../lib/gcc/arm-none-eabi/5.4.1/../../../../arm-none-eabi/lib/armv7e-m/fpu/fpv5-sp-d16/crt0.o (__libc_init_array)
d:/eclipsehal/plugins/fr.ac6.mcu.externaltools.arm-none.win32_1.11.0.201610101338/tools/gcc-arm-none-eabi-5_4-2016q2-20160622-win32/bin/../lib/gcc/arm-none-eabi/5.4.1/../../../../arm-none-eabi/lib/armv7e-m/fpu/fpv5-sp-d16\libc_nano.a(lib_a-memset.o)
                              d:/eclipsehal/plugins/fr.ac6.mcu.externaltools.arm-none.win32_1.11.0.201610101338/tools/gcc-arm-none-eabi-5_4-2016q2-20160622-win32/bin/../lib/gcc/arm-none-eabi/5.4.1/../../../../arm-none-eabi/lib/armv7e-m/fpu/fpv5-sp-d16/crt0.o (memset)
d:/eclipsehal/plugins/fr.ac6.mcu.externaltools.arm-none.win32_1.11.0.201610101338/tools/gcc-arm-none-eabi-5_4-2016q2-20160622-win32/bin/../lib/gcc/arm-none-eabi/5.4.1/../../../../arm-none-eabi/lib/armv7e-m/fpu/fpv5-sp-d16\libc_nano.a(lib_a-sprintf.o)
                              Application/User/main.o (sprintf)
d:/eclipsehal/plugins/fr.ac6.mcu.externaltools.arm-none.win32_1.11.0.201610101338/tools/gcc-arm-none-eabi-5_4-2016q2-20160622-win32/bin/../lib/gcc/arm-none-eabi/5.4.1/../../../../arm-none-eabi/lib/armv7e-m/fpu/fpv5-sp-d16\libc_nano.a(lib_a-strtod.o)
                              d:/eclipsehal/plugins/fr.ac6.mcu.externaltools.arm-none.win32_1.11.0.201610101338/tools/gcc-arm-none-eabi-5_4-2016q2-20160622-win32/bin/../lib/gcc/arm-none-eabi/5.4.1/../../../../arm-none-eabi/lib/armv7e-m/fpu/fpv5-sp-d16\libc_nano.a(lib_a-atof.o) (strtod)
d:/eclipsehal/plugins/fr.ac6.mcu.externaltools.arm-none.win32_1.11.0.201610101338/tools/gcc-arm-none-eabi-5_4-2016q2-20160622-win32/bin/../lib/gcc/arm-none-eabi/5.4.1/../../../../arm-none-eabi/lib/armv7e-m/fpu/fpv5-sp-d16\libc_nano.a(lib_a-gdtoa-gethex.o)
                              d:/eclipsehal/plugins/fr.ac6.mcu.externaltools.arm-none.win32_1.11.0.201610101338/tools/gcc-arm-none-eabi-5_4-2016q2-20160622-win32/bin/../lib/gcc/arm-none-eabi/5.4.1/../../../../arm-none-eabi/lib/armv7e-m/fpu/fpv5-sp-d16\libc_nano.a(lib_a-strtod.o) (__gethex)
d:/eclipsehal/plugins/fr.ac6.mcu.externaltools.arm-none.win32_1.11.0.201610101338/tools/gcc-arm-none-eabi-5_4-2016q2-20160622-win32/bin/../lib/gcc/arm-none-eabi/5.4.1/../../../../arm-none-eabi/lib/armv7e-m/fpu/fpv5-sp-d16\libc_nano.a(lib_a-gdtoa-hexnan.o)
[...]
Memory Configuration

Name             Origin             Length             Attributes
FLASH            0x08000000         0x00100000         xr
RAM              0x20000000         0x00050000         xrw
*default*        0x00000000         0xffffffff

Linker script and memory map

LOAD d:/eclipsehal/plugins/fr.ac6.mcu.externaltools.arm-none.win32_1.11.0.201610101338/tools/gcc-arm-none-eabi-5_4-2016q2-20160622-win32/bin/../lib/gcc/arm-none-eabi/5.4.1/armv7e-m/fpu/fpv5-sp-d16/crti.o
LOAD d:/eclipsehal/plugins/fr.ac6.mcu.externaltools.arm-none.win32_1.11.0.201610101338/tools/gcc-arm-none-eabi-5_4-2016q2-20160622-win32/bin/../lib/gcc/arm-none-eabi/5.4.1/armv7e-m/fpu/fpv5-sp-d16/crtbegin.o
LOAD d:/eclipsehal/plugins/fr.ac6.mcu.externaltools.arm-none.win32_1.11.0.201610101338/tools/gcc-arm-none-eabi-5_4-2016q2-20160622-win32/bin/../lib/gcc/arm-none-eabi/5.4.1/../../../../arm-none-eabi/lib/armv7e-m/fpu/fpv5-sp-d16/crt0.o
LOAD d:/eclipsehal/plugins/fr.ac6.mcu.externaltools.arm-none.win32_1.11.0.201610101338/tools/gcc-arm-none-eabi-5_4-2016q2-20160622-win32/bin/../lib/gcc/arm-none-eabi/5.4.1/../../../../arm-none-eabi/lib/armv7e-m/fpu/fpv5-sp-d16\libm.a
LOAD Application/SW4STM32/startup_stm32f746xx.o
LOAD Application/User/dc_model.o
LOAD Application/User/main.o
LOAD Application/User/stm32f7xx_hal_msp.o
LOAD Application/User/stm32f7xx_it.o
LOAD Drivers/CMSIS/system_stm32f7xx.o
LOAD Drivers/STM32F7xx_HAL_Driver/stm32f7xx_hal.o
LOAD Drivers/STM32F7xx_HAL_Driver/stm32f7xx_hal_cortex.o
LOAD Drivers/STM32F7xx_HAL_Driver/stm32f7xx_hal_dma.o
LOAD Drivers/STM32F7xx_HAL_Driver/stm32f7xx_hal_dma_ex.o
LOAD Drivers/STM32F7xx_HAL_Driver/stm32f7xx_hal_flash.o
LOAD Drivers/STM32F7xx_HAL_Driver/stm32f7xx_hal_flash_ex.o
LOAD Drivers/STM32F7xx_HAL_Driver/stm32f7xx_hal_gpio.o
LOAD Drivers/STM32F7xx_HAL_Driver/stm32f7xx_hal_i2c.o
LOAD Drivers/STM32F7xx_HAL_Driver/stm32f7xx_hal_i2c_ex.o
LOAD Drivers/STM32F7xx_HAL_Driver/stm32f7xx_hal_pwr.o
LOAD Drivers/STM32F7xx_HAL_Driver/stm32f7xx_hal_pwr_ex.o
LOAD Drivers/STM32F7xx_HAL_Driver/stm32f7xx_hal_rcc.o
LOAD Drivers/STM32F7xx_HAL_Driver/stm32f7xx_hal_rcc_ex.o
LOAD Drivers/STM32F7xx_HAL_Driver/stm32f7xx_hal_tim.o
LOAD Drivers/STM32F7xx_HAL_Driver/stm32f7xx_hal_tim_ex.o
LOAD Drivers/STM32F7xx_HAL_Driver/stm32f7xx_hal_uart.o
START GROUP
LOAD d:/eclipsehal/plugins/fr.ac6.mcu.externaltools.arm-none.win32_1.11.0.201610101338/tools/gcc-arm-none-eabi-5_4-2016q2-20160622-win32/bin/../lib/gcc/arm-none-eabi/5.4.1/armv7e-m/fpu/fpv5-sp-d16\libgcc.a
LOAD d:/eclipsehal/plugins/fr.ac6.mcu.externaltools.arm-none.win32_1.11.0.201610101338/tools/gcc-arm-none-eabi-5_4-2016q2-20160622-win32/bin/../lib/gcc/arm-none-eabi/5.4.1/../../../../arm-none-eabi/lib/armv7e-m/fpu/fpv5-sp-d16\libc_nano.a
END GROUP
START GROUP
LOAD d:/eclipsehal/plugins/fr.ac6.mcu.externaltools.arm-none.win32_1.11.0.201610101338/tools/gcc-arm-none-eabi-5_4-2016q2-20160622-win32/bin/../lib/gcc/arm-none-eabi/5.4.1/armv7e-m/fpu/fpv5-sp-d16\libgcc.a
LOAD d:/eclipsehal/plugins/fr.ac6.mcu.externaltools.arm-none.win32_1.11.0.201610101338/tools/gcc-arm-none-eabi-5_4-2016q2-20160622-win32/bin/../lib/gcc/arm-none-eabi/5.4.1/../../../../arm-none-eabi/lib/armv7e-m/fpu/fpv5-sp-d16\libc_nano.a
LOAD d:/eclipsehal/plugins/fr.ac6.mcu.externaltools.arm-none.win32_1.11.0.201610101338/tools/gcc-arm-none-eabi-5_4-2016q2-20160622-win32/bin/../lib/gcc/arm-none-eabi/5.4.1/../../../../arm-none-eabi/lib/armv7e-m/fpu/fpv5-sp-d16\libnosys.a
END GROUP
START GROUP
LOAD d:/eclipsehal/plugins/fr.ac6.mcu.externaltools.arm-none.win32_1.11.0.201610101338/tools/gcc-arm-none-eabi-5_4-2016q2-20160622-win32/bin/../lib/gcc/arm-none-eabi/5.4.1/armv7e-m/fpu/fpv5-sp-d16\libgcc.a
LOAD d:/eclipsehal/plugins/fr.ac6.mcu.externaltools.arm-none.win32_1.11.0.201610101338/tools/gcc-arm-none-eabi-5_4-2016q2-20160622-win32/bin/../lib/gcc/arm-none-eabi/5.4.1/../../../../arm-none-eabi/lib/armv7e-m/fpu/fpv5-sp-d16\libc_nano.a
LOAD d:/eclipsehal/plugins/fr.ac6.mcu.externaltools.arm-none.win32_1.11.0.201610101338/tools/gcc-arm-none-eabi-5_4-2016q2-20160622-win32/bin/../lib/gcc/arm-none-eabi/5.4.1/../../../../arm-none-eabi/lib/armv7e-m/fpu/fpv5-sp-d16\libnosys.a
END GROUP
LOAD d:/eclipsehal/plugins/fr.ac6.mcu.externaltools.arm-none.win32_1.11.0.201610101338/tools/gcc-arm-none-eabi-5_4-2016q2-20160622-win32/bin/../lib/gcc/arm-none-eabi/5.4.1/armv7e-m/fpu/fpv5-sp-d16/crtend.o
LOAD d:/eclipsehal/plugins/fr.ac6.mcu.externaltools.arm-none.win32_1.11.0.201610101338/tools/gcc-arm-none-eabi-5_4-2016q2-20160622-win32/bin/../lib/gcc/arm-none-eabi/5.4.1/armv7e-m/fpu/fpv5-sp-d16/crtn.o
                0x20050000                _estack = 0x20050000
                0x00000200                _Min_Heap_Size = 0x200
                0x00000400                _Min_Stack_Size = 0x400

.isr_vector     0x08000000      0x1c8
                0x08000000                . = ALIGN (0x4)
 *(.isr_vector)
 .isr_vector    0x08000000      0x1c8 Application/SW4STM32/startup_stm32f746xx.o
                0x08000000                g_pfnVectors
                0x080001c8                . = ALIGN (0x4)

.text           0x080001d0     0x4f28
                0x080001d0                . = ALIGN (0x4)
 *(.text)
 .text          0x080001d0       0x5c d:/eclipsehal/plugins/fr.ac6.mcu.externaltools.arm-none.win32_1.11.0.201610101338/tools/gcc-arm-none-eabi-5_4-2016q2-20160622-win32/bin/../lib/gcc/arm-none-eabi/5.4.1/armv7e-m/fpu/fpv5-sp-d16/crtbegin.o
 .text          0x0800022c      0x370 d:/eclipsehal/plugins/fr.ac6.mcu.externaltools.arm-none.win32_1.11.0.201610101338/tools/gcc-arm-none-eabi-5_4-2016q2-20160622-win32/bin/../lib/gcc/arm-none-eabi/5.4.1/armv7e-m/fpu/fpv5-sp-d16\libgcc.a(_arm_addsubdf3.o)
                0x0800022c                __aeabi_drsub
                0x08000234                __aeabi_dsub
                0x08000234                __subdf3
                0x08000238                __aeabi_dadd
                0x08000238                __adddf3
                0x080004b0                __floatunsidf
                0x080004b0                __aeabi_ui2d
                0x080004d0                __floatsidf
                0x080004d0                __aeabi_i2d
                0x080004f4                __aeabi_f2d
                0x080004f4                __extendsfdf2
                0x08000530                __floatundidf
                0x08000530                __aeabi_ul2d
                0x08000540                __floatdidf
                0x08000540                __aeabi_l2d
 .text          0x0800059c       0xa0 d:/eclipsehal/plugins/fr.ac6.mcu.externaltools.arm-none.win32_1.11.0.201610101338/tools/gcc-arm-none-eabi-5_4-2016q2-20160622-win32/bin/../lib/gcc/arm-none-eabi/5.4.1/armv7e-m/fpu/fpv5-sp-d16\libgcc.a(_arm_truncdfsf2.o)
                0x0800059c                __truncdfsf2
                0x0800059c                __aeabi_d2f
 .text          0x0800063c       0x10 d:/eclipsehal/plugins/fr.ac6.mcu.externaltools.arm-none.win32_1.11.0.201610101338/tools/gcc-arm-none-eabi-5_4-2016q2-20160622-win32/bin/../lib/gcc/arm-none-eabi/5.4.1/../../../../arm-none-eabi/lib/armv7e-m/fpu/fpv5-sp-d16\libc_nano.a(lib_a-strlen.o)
                0x0800063c                strlen
 *fill*         0x0800064c        0x4 
 .text          0x08000650       0xa0 d:/eclipsehal/plugins/fr.ac6.mcu.externaltools.arm-none.win32_1.11.0.201610101338/tools/gcc-arm-none-eabi-5_4-2016q2-20160622-win32/bin/../lib/gcc/arm-none-eabi/5.4.1/../../../../arm-none-eabi/lib/armv7e-m/fpu/fpv5-sp-d16\libc_nano.a(lib_a-memchr.o)
                0x08000650                memchr
 .text          0x080006f0      0x424 d:/eclipsehal/plugins/fr.ac6.mcu.externaltools.arm-none.win32_1.11.0.201610101338/tools/gcc-arm-none-eabi-5_4-2016q2-20160622-win32/bin/../lib/gcc/arm-none-eabi/5.4.1/armv7e-m/fpu/fpv5-sp-d16\libgcc.a(_arm_muldivdf3.o)
                0x080006f0                __aeabi_dmul
                0x080006f0                __muldf3
                0x08000944                __divdf3
                0x08000944                __aeabi_ddiv
 .text          0x08000b14      0x110 d:/eclipsehal/plugins/fr.ac6.mcu.externaltools.arm-none.win32_1.11.0.201610101338/tools/gcc-arm-none-eabi-5_4-2016q2-20160622-win32/bin/../lib/gcc/arm-none-eabi/5.4.1/armv7e-m/fpu/fpv5-sp-d16\libgcc.a(_arm_cmpdf2.o)
                0x08000b14                __gtdf2
                0x08000b14                __gedf2
                0x08000b1c                __ltdf2
                0x08000b1c                __ledf2
                0x08000b24                __nedf2
                0x08000b24                __eqdf2
                0x08000b24                __cmpdf2
                0x08000ba0                __aeabi_cdrcmple
                0x08000bb0                __aeabi_cdcmpeq
                0x08000bb0                __aeabi_cdcmple
                0x08000bc0                __aeabi_dcmpeq
                0x08000bd4                __aeabi_dcmplt
                0x08000be8                __aeabi_dcmple
                0x08000bfc                __aeabi_dcmpge
                0x08000c10                __aeabi_dcmpgt
 .text          0x08000c24       0x50 d:/eclipsehal/plugins/fr.ac6.mcu.externaltools.arm-none.win32_1.11.0.201610101338/tools/gcc-arm-none-eabi-5_4-2016q2-20160622-win32/bin/../lib/gcc/arm-none-eabi/5.4.1/armv7e-m/fpu/fpv5-sp-d16\libgcc.a(_arm_fixdfsi.o)
                0x08000c24                __aeabi_d2iz
                0x08000c24                __fixdfsi
 .text          0x08000c74       0x40 d:/eclipsehal/plugins/fr.ac6.mcu.externaltools.arm-none.win32_1.11.0.201610101338/tools/gcc-arm-none-eabi-5_4-2016q2-20160622-win32/bin/../lib/gcc/arm-none-eabi/5.4.1/armv7e-m/fpu/fpv5-sp-d16\libgcc.a(_arm_fixunsdfsi.o)
                0x08000c74                __aeabi_d2uiz
                0x08000c74                __fixunsdfsi
 *(.text*)
 .text.Reset_Handler
                0x08000cb4       0x50 Application/SW4STM32/startup_stm32f746xx.o
                0x08000cb4                Reset_Handler
 .text.Default_Handler
                0x08000d04        0x2 Application/SW4STM32/startup_stm32f746xx.o
                0x08000d04                RTC_Alarm_IRQHandler
                0x08000d04                EXTI2_IRQHandler
                0x08000d04                TIM8_CC_IRQHandler
                0x08000d04                UART8_IRQHandler
                0x08000d04                SPI4_IRQHandler
                0x08000d04                TIM1_CC_IRQHandler
                0x08000d04                DMA2_Stream5_IRQHandler
                0x08000d04                DMA1_Stream5_IRQHandler
                0x08000d04                PVD_IRQHandler
                0x08000d04                TAMP_STAMP_IRQHandler
                0x08000d04                CAN2_RX1_IRQHandler
                0x08000d04                EXTI3_IRQHandler
                0x08000d04                TIM8_TRG_COM_TIM14_IRQHandler
                0x08000d04                TIM8_UP_TIM13_IRQHandler
                0x08000d04                I2C3_ER_IRQHandler
                0x08000d04                EXTI0_IRQHandler
                0x08000d04                I2C2_EV_IRQHandler
                0x08000d04                DMA1_Stream2_IRQHandler
                0x08000d04                CAN1_RX0_IRQHandler
                0x08000d04                FPU_IRQHandler
                0x08000d04                OTG_HS_WKUP_IRQHandler
                0x08000d04                LTDC_ER_IRQHandler
                0x08000d04                CAN2_SCE_IRQHandler
                0x08000d04                DMA2_Stream2_IRQHandler
                0x08000d04                SPI1_IRQHandler
                0x08000d04                TIM6_DAC_IRQHandler
                0x08000d04                TIM1_BRK_TIM9_IRQHandler
                0x08000d04                DCMI_IRQHandler
                0x08000d04                CAN2_RX0_IRQHandler
                0x08000d04                DMA2_Stream3_IRQHandler
                0x08000d04                SAI2_IRQHandler
                0x08000d04                USART6_IRQHandler
                0x08000d04                USART3_IRQHandler
                0x08000d04                CAN1_RX1_IRQHandler
                0x08000d04                UART5_IRQHandler
                0x08000d04                DMA2_Stream0_IRQHandler
                0x08000d04                TIM4_IRQHandler
                0x08000d04                QUADSPI_IRQHandler
                0x08000d04                I2C1_EV_IRQHandler
                0x08000d04                DMA1_Stream6_IRQHandler
                0x08000d04                DMA1_Stream1_IRQHandler
                0x08000d04                UART4_IRQHandler
                0x08000d04                TIM3_IRQHandler
                0x08000d04                RCC_IRQHandler
                0x08000d04                TIM8_BRK_TIM12_IRQHandler
                0x08000d04                Default_Handler
                0x08000d04                CEC_IRQHandler
                0x08000d04                EXTI15_10_IRQHandler
                0x08000d04                ADC_IRQHandler
                0x08000d04                DMA1_Stream7_IRQHandler
                0x08000d04                SPI5_IRQHandler
                0x08000d04                TIM7_IRQHandler
                0x08000d04                SDMMC1_IRQHandler
                0x08000d04                CAN2_TX_IRQHandler
                0x08000d04                TIM5_IRQHandler
                0x08000d04                DMA2_Stream7_IRQHandler
                0x08000d04                I2C3_EV_IRQHandler
                0x08000d04                EXTI9_5_IRQHandler
                0x08000d04                RTC_WKUP_IRQHandler
                0x08000d04                LTDC_IRQHandler
                0x08000d04                ETH_WKUP_IRQHandler
                0x08000d04                SPDIF_RX_IRQHandler
                0x08000d04                SPI2_IRQHandler
                0x08000d04                OTG_HS_EP1_IN_IRQHandler
                0x08000d04                DMA1_Stream0_IRQHandler
                0x08000d04                CAN1_TX_IRQHandler
                0x08000d04                EXTI4_IRQHandler
                0x08000d04                RNG_IRQHandler
                0x08000d04                ETH_IRQHandler
                0x08000d04                OTG_HS_EP1_OUT_IRQHandler
                0x08000d04                WWDG_IRQHandler
                0x08000d04                SPI6_IRQHandler
                0x08000d04                I2C4_EV_IRQHandler
                0x08000d04                TIM2_IRQHandler
                0x08000d04                OTG_FS_WKUP_IRQHandler
                0x08000d04                TIM1_TRG_COM_TIM11_IRQHandler
                0x08000d04                OTG_HS_IRQHandler
                0x08000d04                DMA2D_IRQHandler
                0x08000d04                EXTI1_IRQHandler
                0x08000d04                USART2_IRQHandler
                0x08000d04                I2C2_ER_IRQHandler
                0x08000d04                DMA2_Stream1_IRQHandler
                0x08000d04                CAN1_SCE_IRQHandler
                0x08000d04                FLASH_IRQHandler
                0x08000d04                DMA2_Stream4_IRQHandler
                0x08000d04                USART1_IRQHandler
                0x08000d04                OTG_FS_IRQHandler
                0x08000d04                SPI3_IRQHandler
                0x08000d04                DMA1_Stream4_IRQHandler
                0x08000d04                I2C1_ER_IRQHandler
                0x08000d04                FMC_IRQHandler
                0x08000d04                LPTIM1_IRQHandler
                0x08000d04                I2C4_ER_IRQHandler
                0x08000d04                DMA2_Stream6_IRQHandler
                0x08000d04                SAI1_IRQHandler
                0x08000d04                DMA1_Stream3_IRQHandler
 .text.compute_dx
                0x08000d06       0x26 Application/User/dc_model.o
                0x08000d06                compute_dx
 .text.set_parameters
                0x08000d2c       0x36 Application/User/dc_model.o
                0x08000d2c                set_parameters
 .text.rk4      0x08000d62      0x114 Application/User/dc_model.o
                0x08000d62                rk4
 *fill*         0x08000e76        0x2 
 .text.HAL_TIM_PeriodElapsedCallback
                0x08000e78       0x7c Application/User/main.o
                0x08000e78                HAL_TIM_PeriodElapsedCallback
 .text.length   0x08000ef4       0x10 Application/User/main.o
                0x08000ef4                length
 .text.procces_states
                0x08000f04       0x58 Application/User/main.o
                0x08000f04                procces_states
 .text.HAL_UART_RxCpltCallback
                0x08000f5c       0xac Application/User/main.o
                0x08000f5c                HAL_UART_RxCpltCallback
 .text.SystemClock_Config
                0x08001008       0xbc Application/User/main.o
                0x08001008                SystemClock_Config
 .text.startup.main
                0x080010c4      0x100 Application/User/main.o
                0x080010c4                main
 .text.HAL_MspInit
                0x080011c4       0x60 Application/User/stm32f7xx_hal_msp.o
                0x080011c4                HAL_MspInit
 .text.HAL_TIM_Base_MspInit
                0x08001224       0x3c Application/User/stm32f7xx_hal_msp.o
                0x08001224                HAL_TIM_Base_MspInit
 .text.HAL_UART_MspInit
                0x08001260       0x5c Application/User/stm32f7xx_hal_msp.o
                0x08001260                HAL_UART_MspInit
 .text.NMI_Handler
                0x080012bc        0x2 Application/User/stm32f7xx_it.o
                0x080012bc                NMI_Handler
 .text.HardFault_Handler
                0x080012be        0x2 Application/User/stm32f7xx_it.o
                0x080012be                HardFault_Handler
 .text.MemManage_Handler
                0x080012c0        0x2 Application/User/stm32f7xx_it.o
                0x080012c0                MemManage_Handler
 .text.BusFault_Handler
                0x080012c2        0x2 Application/User/stm32f7xx_it.o
                0x080012c2                BusFault_Handler
 .text.UsageFault_Handler
                0x080012c4        0x2 Application/User/stm32f7xx_it.o
                0x080012c4                UsageFault_Handler
 .text.SVC_Handler
                0x080012c6        0x2 Application/User/stm32f7xx_it.o
                0x080012c6                SVC_Handler
 .text.DebugMon_Handler
                0x080012c8        0x2 Application/User/stm32f7xx_it.o
                0x080012c8                DebugMon_Handler
 .text.PendSV_Handler
                0x080012ca        0x2 Application/User/stm32f7xx_it.o
                0x080012ca                PendSV_Handler
 .text.SysTick_Handler
                0x080012cc        0xe Application/User/stm32f7xx_it.o
                0x080012cc                SysTick_Handler
 *fill*         0x080012da        0x2 
 .text.TIM1_UP_TIM10_IRQHandler
                0x080012dc        0xc Application/User/stm32f7xx_it.o
                0x080012dc                TIM1_UP_TIM10_IRQHandler
 .text.UART7_IRQHandler
                0x080012e8        0xc Application/User/stm32f7xx_it.o
                0x080012e8                UART7_IRQHandler
 .text.SystemInit
                0x080012f4       0x4c Drivers/CMSIS/system_stm32f7xx.o
                0x080012f4                SystemInit
 .text.HAL_InitTick
                0x08001340       0x28 Drivers/STM32F7xx_HAL_Driver/stm32f7xx_hal.o
                0x08001340                HAL_InitTick
 .text.HAL_Init
                0x08001368       0x16 Drivers/STM32F7xx_HAL_Driver/stm32f7xx_hal.o
                0x08001368                HAL_Init
 *fill*         0x0800137e        0x2 
 .text.HAL_IncTick
                0x08001380       0x10 Drivers/STM32F7xx_HAL_Driver/stm32f7xx_hal.o
                0x08001380                HAL_IncTick
 .text.HAL_GetTick
                0x08001390        0xc Drivers/STM32F7xx_HAL_Driver/stm32f7xx_hal.o
                0x08001390                HAL_GetTick
 .text.HAL_NVIC_SetPriorityGrouping
                0x0800139c       0x24 Drivers/STM32F7xx_HAL_Driver/stm32f7xx_hal_cortex.o
                0x0800139c                HAL_NVIC_SetPriorityGrouping
 .text.HAL_NVIC_SetPriority
                0x080013c0       0x70 Drivers/STM32F7xx_HAL_Driver/stm32f7xx_hal_cortex.o
                0x080013c0                HAL_NVIC_SetPriority
 .text.HAL_NVIC_EnableIRQ
                0x08001430       0x18 Drivers/STM32F7xx_HAL_Driver/stm32f7xx_hal_cortex.o
                0x08001430                HAL_NVIC_EnableIRQ
 .text.HAL_SYSTICK_Config
                0x08001448       0x2c Drivers/STM32F7xx_HAL_Driver/stm32f7xx_hal_cortex.o
                0x08001448                HAL_SYSTICK_Config
 .text.HAL_SYSTICK_CLKSourceConfig
                0x08001474       0x18 Drivers/STM32F7xx_HAL_Driver/stm32f7xx_hal_cortex.o
                0x08001474                HAL_SYSTICK_CLKSourceConfig
 .text.HAL_SYSTICK_Callback
                0x0800148c        0x2 Drivers/STM32F7xx_HAL_Driver/stm32f7xx_hal_cortex.o
                0x0800148c                HAL_SYSTICK_Callback
 .text.HAL_SYSTICK_IRQHandler
                0x0800148e        0x8 Drivers/STM32F7xx_HAL_Driver/stm32f7xx_hal_cortex.o
                0x0800148e                HAL_SYSTICK_IRQHandler
 .text.HAL_DMA_Abort_IT
                0x08001496       0x24 Drivers/STM32F7xx_HAL_Driver/stm32f7xx_hal_dma.o
                0x08001496                HAL_DMA_Abort_IT
 *fill*         0x080014ba        0x2 
 .text.HAL_GPIO_Init
                0x080014bc      0x1d8 Drivers/STM32F7xx_HAL_Driver/stm32f7xx_hal_gpio.o
                0x080014bc                HAL_GPIO_Init
 .text.HAL_GPIO_WritePin
                0x08001694        0x8 Drivers/STM32F7xx_HAL_Driver/stm32f7xx_hal_gpio.o
                0x08001694                HAL_GPIO_WritePin
 .text.HAL_GPIO_TogglePin
                0x0800169c        0x8 Drivers/STM32F7xx_HAL_Driver/stm32f7xx_hal_gpio.o
                0x0800169c                HAL_GPIO_TogglePin
 .text.HAL_PWREx_EnableOverDrive
                0x080016a4       0x70 Drivers/STM32F7xx_HAL_Driver/stm32f7xx_hal_pwr_ex.o
                0x080016a4                HAL_PWREx_EnableOverDrive
 .text.HAL_RCC_OscConfig
                0x08001714      0x334 Drivers/STM32F7xx_HAL_Driver/stm32f7xx_hal_rcc.o
                0x08001714                HAL_RCC_OscConfig
 .text.HAL_RCC_GetSysClockFreq
                0x08001a48       0x7c Drivers/STM32F7xx_HAL_Driver/stm32f7xx_hal_rcc.o
                0x08001a48                HAL_RCC_GetSysClockFreq
 .text.HAL_RCC_ClockConfig
                0x08001ac4      0x154 Drivers/STM32F7xx_HAL_Driver/stm32f7xx_hal_rcc.o
                0x08001ac4                HAL_RCC_ClockConfig
 .text.HAL_RCC_GetHCLKFreq
                0x08001c18        0xc Drivers/STM32F7xx_HAL_Driver/stm32f7xx_hal_rcc.o
                0x08001c18                HAL_RCC_GetHCLKFreq
 .text.HAL_RCC_GetPCLK1Freq
                0x08001c24       0x30 Drivers/STM32F7xx_HAL_Driver/stm32f7xx_hal_rcc.o
                0x08001c24                HAL_RCC_GetPCLK1Freq
 .text.HAL_RCC_GetPCLK2Freq
                0x08001c54       0x30 Drivers/STM32F7xx_HAL_Driver/stm32f7xx_hal_rcc.o
                0x08001c54                HAL_RCC_GetPCLK2Freq
 .text.HAL_RCCEx_PeriphCLKConfig
                0x08001c84      0x74c Drivers/STM32F7xx_HAL_Driver/stm32f7xx_hal_rcc_ex.o
                0x08001c84                HAL_RCCEx_PeriphCLKConfig
 .text.HAL_TIM_Base_Start_IT
                0x080023d0       0x16 Drivers/STM32F7xx_HAL_Driver/stm32f7xx_hal_tim.o
                0x080023d0                HAL_TIM_Base_Start_IT
 .text.HAL_TIM_OC_DelayElapsedCallback
                0x080023e6        0x2 Drivers/STM32F7xx_HAL_Driver/stm32f7xx_hal_tim.o
                0x080023e6                HAL_TIM_OC_DelayElapsedCallback
 .text.HAL_TIM_IC_CaptureCallback
                0x080023e8        0x2 Drivers/STM32F7xx_HAL_Driver/stm32f7xx_hal_tim.o
                0x080023e8                HAL_TIM_IC_CaptureCallback
 .text.HAL_TIM_PWM_PulseFinishedCallback
                0x080023ea        0x2 Drivers/STM32F7xx_HAL_Driver/stm32f7xx_hal_tim.o
                0x080023ea                HAL_TIM_PWM_PulseFinishedCallback
 .text.HAL_TIM_TriggerCallback
                0x080023ec        0x2 Drivers/STM32F7xx_HAL_Driver/stm32f7xx_hal_tim.o
                0x080023ec                HAL_TIM_TriggerCallback
 .text.HAL_TIM_IRQHandler
                0x080023ee      0x15e Drivers/STM32F7xx_HAL_Driver/stm32f7xx_hal_tim.o
                0x080023ee                HAL_TIM_IRQHandler
 .text.TIM_Base_SetConfig
                0x0800254c       0xc8 Drivers/STM32F7xx_HAL_Driver/stm32f7xx_hal_tim.o
                0x0800254c                TIM_Base_SetConfig
 .text.HAL_TIM_Base_Init
                0x08002614       0x2c Drivers/STM32F7xx_HAL_Driver/stm32f7xx_hal_tim.o
                0x08002614                HAL_TIM_Base_Init
 .text.HAL_TIMEx_CommutationCallback
                0x08002640        0x2 Drivers/STM32F7xx_HAL_Driver/stm32f7xx_hal_tim_ex.o
                0x08002640                HAL_TIMEx_CommutationCallback
 .text.HAL_TIMEx_BreakCallback
                0x08002642        0x2 Drivers/STM32F7xx_HAL_Driver/stm32f7xx_hal_tim_ex.o
                0x08002642                HAL_TIMEx_BreakCallback
 .text.UART_EndRxTransfer
                0x08002644       0x1a Drivers/STM32F7xx_HAL_Driver/stm32f7xx_hal_uart.o
 .text.HAL_UART_Transmit_IT
                0x0800265e       0x42 Drivers/STM32F7xx_HAL_Driver/stm32f7xx_hal_uart.o
                0x0800265e                HAL_UART_Transmit_IT
 .text.HAL_UART_Receive_IT
                0x080026a0       0x8e Drivers/STM32F7xx_HAL_Driver/stm32f7xx_hal_uart.o
                0x080026a0                HAL_UART_Receive_IT
 .text.UART_WaitOnFlagUntilTimeout
                0x0800272e       0x62 Drivers/STM32F7xx_HAL_Driver/stm32f7xx_hal_uart.o
                0x0800272e                UART_WaitOnFlagUntilTimeout
 .text.HAL_UART_TxCpltCallback
                0x08002790        0x2 Drivers/STM32F7xx_HAL_Driver/stm32f7xx_hal_uart.o
                0x08002790                HAL_UART_TxCpltCallback
 .text.UART_Receive_IT
                0x08002792       0x72 Drivers/STM32F7xx_HAL_Driver/stm32f7xx_hal_uart.o
 .text.HAL_UART_ErrorCallback
                0x08002804        0x2 Drivers/STM32F7xx_HAL_Driver/stm32f7xx_hal_uart.o
                0x08002804                HAL_UART_ErrorCallback
 *fill*         0x08002806        0x2 
 .text.HAL_UART_IRQHandler
                0x08002808      0x158 Drivers/STM32F7xx_HAL_Driver/stm32f7xx_hal_uart.o
                0x08002808                HAL_UART_IRQHandler
 .text.UART_DMAAbortOnError
                0x08002960       0x14 Drivers/STM32F7xx_HAL_Driver/stm32f7xx_hal_uart.o
 .text.UART_SetConfig
                0x08002974      0x268 Drivers/STM32F7xx_HAL_Driver/stm32f7xx_hal_uart.o
                0x08002974                UART_SetConfig
 .text.UART_AdvFeatureConfig
                0x08002bdc       0xaa Drivers/STM32F7xx_HAL_Driver/stm32f7xx_hal_uart.o
                0x08002bdc                UART_AdvFeatureConfig
 .text.UART_CheckIdleState
                0x08002c86       0x68 Drivers/STM32F7xx_HAL_Driver/stm32f7xx_hal_uart.o
                0x08002c86                UART_CheckIdleState
 .text.HAL_UART_Init
                0x08002cee       0x64 Drivers/STM32F7xx_HAL_Driver/stm32f7xx_hal_uart.o
                0x08002cee                HAL_UART_Init
 .text.atof     0x08002d52        0x6 d:/eclipsehal/plugins/fr.ac6.mcu.externaltools.arm-none.win32_1.11.0.201610101338/tools/gcc-arm-none-eabi-5_4-2016q2-20160622-win32/bin/../lib/gcc/arm-none-eabi/5.4.1/../../../../arm-none-eabi/lib/armv7e-m/fpu/fpv5-sp-d16\libc_nano.a(lib_a-atof.o)
                0x08002d52                atof
 .text.__libc_init_array
                0x08002d58       0x4c d:/eclipsehal/plugins/fr.ac6.mcu.externaltools.arm-none.win32_1.11.0.201610101338/tools/gcc-arm-none-eabi-5_4-2016q2-20160622-win32/bin/../lib/gcc/arm-none-eabi/5.4.1/../../../../arm-none-eabi/lib/armv7e-m/fpu/fpv5-sp-d16\libc_nano.a(lib_a-init.o)
                0x08002d58                __libc_init_array
 .text.memset   0x08002da4       0x10 d:/eclipsehal/plugins/fr.ac6.mcu.externaltools.arm-none.win32_1.11.0.201610101338/tools/gcc-arm-none-eabi-5_4-2016q2-20160622-win32/bin/../lib/gcc/arm-none-eabi/5.4.1/../../../../arm-none-eabi/lib/armv7e-m/fpu/fpv5-sp-d16\libc_nano.a(lib_a-memset.o)
                0x08002da4                memset
 .text.sprintf  0x08002db4       0x48 d:/eclipsehal/plugins/fr.ac6.mcu.externaltools.arm-none.win32_1.11.0.201610101338/tools/gcc-arm-none-eabi-5_4-2016q2-20160622-win32/bin/../lib/gcc/arm-none-eabi/5.4.1/../../../../arm-none-eabi/lib/armv7e-m/fpu/fpv5-sp-d16\libc_nano.a(lib_a-sprintf.o)
                0x08002db4                siprintf
                0x08002db4                sprintf
 .text.sulp     0x08002dfc       0x38 d:/eclipsehal/plugins/fr.ac6.mcu.externaltools.arm-none.win32_1.11.0.201610101338/tools/gcc-arm-none-eabi-5_4-2016q2-20160622-win32/bin/../lib/gcc/arm-none-eabi/5.4.1/../../../../arm-none-eabi/lib/armv7e-m/fpu/fpv5-sp-d16\libc_nano.a(lib_a-strtod.o)
 *fill*         0x08002e34        0x4 
 .text._strtod_r
                0x08002e38      0xc00 d:/eclipsehal/plugins/fr.ac6.mcu.externaltools.arm-none.win32_1.11.0.201610101338/tools/gcc-arm-none-eabi-5_4-2016q2-20160622-win32/bin/../lib/gcc/arm-none-eabi/5.4.1/../../../../arm-none-eabi/lib/armv7e-m/fpu/fpv5-sp-d16\libc_nano.a(lib_a-strtod.o)
                0x08002e38                _strtod_r
 .text.strtod   0x08003a38       0x10 d:/eclipsehal/plugins/fr.ac6.mcu.externaltools.arm-none.win32_1.11.0.201610101338/tools/gcc-arm-none-eabi-5_4-2016q2-20160622-win32/bin/../lib/gcc/arm-none-eabi/5.4.1/../../../../arm-none-eabi/lib/armv7e-m/fpu/fpv5-sp-d16\libc_nano.a(lib_a-strtod.o)
                0x08003a38                strtod
 .text.rshift   0x08003a48       0x6c d:/eclipsehal/plugins/fr.ac6.mcu.externaltools.arm-none.win32_1.11.0.201610101338/tools/gcc-arm-none-eabi-5_4-2016q2-20160622-win32/bin/../lib/gcc/arm-none-eabi/5.4.1/../../../../arm-none-eabi/lib/armv7e-m/fpu/fpv5-sp-d16\libc_nano.a(lib_a-gdtoa-gethex.o)
 .text.__hexdig_fun
                0x08003ab4       0x2a d:/eclipsehal/plugins/fr.ac6.mcu.externaltools.arm-none.win32_1.11.0.201610101338/tools/gcc-arm-none-eabi-5_4-2016q2-20160622-win32/bin/../lib/gcc/arm-none-eabi/5.4.1/../../../../arm-none-eabi/lib/armv7e-m/fpu/fpv5-sp-d16\libc_nano.a(lib_a-gdtoa-gethex.o)
                0x08003ab4                __hexdig_fun
 .text.__gethex
                0x08003ade      0x43e d:/eclipsehal/plugins/fr.ac6.mcu.externaltools.arm-none.win32_1.11.0.201610101338/tools/gcc-arm-none-eabi-5_4-2016q2-20160622-win32/bin/../lib/gcc/arm-none-eabi/5.4.1/../../../../arm-none-eabi/lib/armv7e-m/fpu/fpv5-sp-d16\libc_nano.a(lib_a-gdtoa-gethex.o)
                0x08003ade                __gethex
 .text.L_shift  0x08003f1c       0x24 d:/eclipsehal/plugins/fr.ac6.mcu.externaltools.arm-none.win32_1.11.0.201610101338/tools/gcc-arm-none-eabi-5_4-2016q2-20160622-win32/bin/../lib/gcc/arm-none-eabi/5.4.1/../../../../arm-none-eabi/lib/armv7e-m/fpu/fpv5-sp-d16\libc_nano.a(lib_a-gdtoa-hexnan.o)
 .text.__match  0x08003f40       0x26 d:/eclipsehal/plugins/fr.ac6.mcu.externaltools.arm-none.win32_1.11.0.201610101338/tools/gcc-arm-none-eabi-5_4-2016q2-20160622-win32/bin/../lib/gcc/arm-none-eabi/5.4.1/../../../../arm-none-eabi/lib/armv7e-m/fpu/fpv5-sp-d16\libc_nano.a(lib_a-gdtoa-hexnan.o)
                0x08003f40                __match
 .text.__hexnan
                0x08003f66      0x11c d:/eclipsehal/plugins/fr.ac6.mcu.externaltools.arm-none.win32_1.11.0.201610101338/tools/gcc-arm-none-eabi-5_4-2016q2-20160622-win32/bin/../lib/gcc/arm-none-eabi/5.4.1/../../../../arm-none-eabi/lib/armv7e-m/fpu/fpv5-sp-d16\libc_nano.a(lib_a-gdtoa-hexnan.o)
                0x08003f66                __hexnan
 *fill*         0x08004082        0x2 
 .text._localeconv_r
                0x08004084        0x8 d:/eclipsehal/plugins/fr.ac6.mcu.externaltools.arm-none.win32_1.11.0.201610101338/tools/gcc-arm-none-eabi-5_4-2016q2-20160622-win32/bin/../lib/gcc/arm-none-eabi/5.4.1/../../../../arm-none-eabi/lib/armv7e-m/fpu/fpv5-sp-d16\libc_nano.a(lib_a-locale.o)
                0x08004084                _localeconv_r
 .text.memcpy   0x0800408c       0x16 d:/eclipsehal/plugins/fr.ac6.mcu.externaltools.arm-none.win32_1.11.0.201610101338/tools/gcc-arm-none-eabi-5_4-2016q2-20160622-win32/bin/../lib/gcc/arm-none-eabi/5.4.1/../../../../arm-none-eabi/lib/armv7e-m/fpu/fpv5-sp-d16\libc_nano.a(lib_a-memcpy-stub.o)
                0x0800408c                memcpy
 .text._Balloc  0x080040a2       0x6a d:/eclipsehal/plugins/fr.ac6.mcu.externaltools.arm-none.win32_1.11.0.201610101338/tools/gcc-arm-none-eabi-5_4-2016q2-20160622-win32/bin/../lib/gcc/arm-none-eabi/5.4.1/../../../../arm-none-eabi/lib/armv7e-m/fpu/fpv5-sp-d16\libc_nano.a(lib_a-mprec.o)
                0x080040a2                _Balloc
 .text._Bfree   0x0800410c       0x2e d:/eclipsehal/plugins/fr.ac6.mcu.externaltools.arm-none.win32_1.11.0.201610101338/tools/gcc-arm-none-eabi-5_4-2016q2-20160622-win32/bin/../lib/gcc/arm-none-eabi/5.4.1/../../../../arm-none-eabi/lib/armv7e-m/fpu/fpv5-sp-d16\libc_nano.a(lib_a-mprec.o)
                0x0800410c                _Bfree
 .text.__multadd
                0x0800413a       0x76 d:/eclipsehal/plugins/fr.ac6.mcu.externaltools.arm-none.win32_1.11.0.201610101338/tools/gcc-arm-none-eabi-5_4-2016q2-20160622-win32/bin/../lib/gcc/arm-none-eabi/5.4.1/../../../../arm-none-eabi/lib/armv7e-m/fpu/fpv5-sp-d16\libc_nano.a(lib_a-mprec.o)
                0x0800413a                __multadd
 .text.__s2b    0x080041b0       0x7c d:/eclipsehal/plugins/fr.ac6.mcu.externaltools.arm-none.win32_1.11.0.201610101338/tools/gcc-arm-none-eabi-5_4-2016q2-20160622-win32/bin/../lib/gcc/arm-none-eabi/5.4.1/../../../../arm-none-eabi/lib/armv7e-m/fpu/fpv5-sp-d16\libc_nano.a(lib_a-mprec.o)
                0x080041b0                __s2b
 .text.__hi0bits
                0x0800422c       0x40 d:/eclipsehal/plugins/fr.ac6.mcu.externaltools.arm-none.win32_1.11.0.201610101338/tools/gcc-arm-none-eabi-5_4-2016q2-20160622-win32/bin/../lib/gcc/arm-none-eabi/5.4.1/../../../../arm-none-eabi/lib/armv7e-m/fpu/fpv5-sp-d16\libc_nano.a(lib_a-mprec.o)
                0x0800422c                __hi0bits
 .text.__lo0bits
                0x0800426c       0x5a d:/eclipsehal/plugins/fr.ac6.mcu.externaltools.arm-none.win32_1.11.0.201610101338/tools/gcc-arm-none-eabi-5_4-2016q2-20160622-win32/bin/../lib/gcc/arm-none-eabi/5.4.1/../../../../arm-none-eabi/lib/armv7e-m/fpu/fpv5-sp-d16\libc_nano.a(lib_a-mprec.o)
                0x0800426c                __lo0bits
 .text.__i2b    0x080042c6       0x12 d:/eclipsehal/plugins/fr.ac6.mcu.externaltools.arm-none.win32_1.11.0.201610101338/tools/gcc-arm-none-eabi-5_4-2016q2-20160622-win32/bin/../lib/gcc/arm-none-eabi/5.4.1/../../../../arm-none-eabi/lib/armv7e-m/fpu/fpv5-sp-d16\libc_nano.a(lib_a-mprec.o)
                0x080042c6                __i2b
 .text.__multiply
                0x080042d8      0x122 d:/eclipsehal/plugins/fr.ac6.mcu.externaltools.arm-none.win32_1.11.0.201610101338/tools/gcc-arm-none-eabi-5_4-2016q2-20160622-win32/bin/../lib/gcc/arm-none-eabi/5.4.1/../../../../arm-none-eabi/lib/armv7e-m/fpu/fpv5-sp-d16\libc_nano.a(lib_a-mprec.o)
                0x080042d8                __multiply
 *fill*         0x080043fa        0x2 
 .text.__pow5mult
                0x080043fc       0x9c d:/eclipsehal/plugins/fr.ac6.mcu.externaltools.arm-none.win32_1.11.0.201610101338/tools/gcc-arm-none-eabi-5_4-2016q2-20160622-win32/bin/../lib/gcc/arm-none-eabi/5.4.1/../../../../arm-none-eabi/lib/armv7e-m/fpu/fpv5-sp-d16\libc_nano.a(lib_a-mprec.o)
                0x080043fc                __pow5mult
 .text.__lshift
                0x08004498       0xa2 d:/eclipsehal/plugins/fr.ac6.mcu.externaltools.arm-none.win32_1.11.0.201610101338/tools/gcc-arm-none-eabi-5_4-2016q2-20160622-win32/bin/../lib/gcc/arm-none-eabi/5.4.1/../../../../arm-none-eabi/lib/armv7e-m/fpu/fpv5-sp-d16\libc_nano.a(lib_a-mprec.o)
                0x08004498                __lshift
 .text.__mcmp   0x0800453a       0x38 d:/eclipsehal/plugins/fr.ac6.mcu.externaltools.arm-none.win32_1.11.0.201610101338/tools/gcc-arm-none-eabi-5_4-2016q2-20160622-win32/bin/../lib/gcc/arm-none-eabi/5.4.1/../../../../arm-none-eabi/lib/armv7e-m/fpu/fpv5-sp-d16\libc_nano.a(lib_a-mprec.o)
                0x0800453a                __mcmp
 .text.__mdiff  0x08004572       0xbe d:/eclipsehal/plugins/fr.ac6.mcu.externaltools.arm-none.win32_1.11.0.201610101338/tools/gcc-arm-none-eabi-5_4-2016q2-20160622-win32/bin/../lib/gcc/arm-none-eabi/5.4.1/../../../../arm-none-eabi/lib/armv7e-m/fpu/fpv5-sp-d16\libc_nano.a(lib_a-mprec.o)
                0x08004572                __mdiff
 .text.__ulp    0x08004630       0x50 d:/eclipsehal/plugins/fr.ac6.mcu.externaltools.arm-none.win32_1.11.0.201610101338/tools/gcc-arm-none-eabi-5_4-2016q2-20160622-win32/bin/../lib/gcc/arm-none-eabi/5.4.1/../../../../arm-none-eabi/lib/armv7e-m/fpu/fpv5-sp-d16\libc_nano.a(lib_a-mprec.o)
                0x08004630                __ulp
 .text.__b2d    0x08004680       0x9a d:/eclipsehal/plugins/fr.ac6.mcu.externaltools.arm-none.win32_1.11.0.201610101338/tools/gcc-arm-none-eabi-5_4-2016q2-20160622-win32/bin/../lib/gcc/arm-none-eabi/5.4.1/../../../../arm-none-eabi/lib/armv7e-m/fpu/fpv5-sp-d16\libc_nano.a(lib_a-mprec.o)
                0x08004680                __b2d
 .text.__d2b    0x0800471a       0x9c d:/eclipsehal/plugins/fr.ac6.mcu.externaltools.arm-none.win32_1.11.0.201610101338/tools/gcc-arm-none-eabi-5_4-2016q2-20160622-win32/bin/../lib/gcc/arm-none-eabi/5.4.1/../../../../arm-none-eabi/lib/armv7e-m/fpu/fpv5-sp-d16\libc_nano.a(lib_a-mprec.o)
                0x0800471a                __d2b
 .text.__ratio  0x080047b6       0x54 d:/eclipsehal/plugins/fr.ac6.mcu.externaltools.arm-none.win32_1.11.0.201610101338/tools/gcc-arm-none-eabi-5_4-2016q2-20160622-win32/bin/../lib/gcc/arm-none-eabi/5.4.1/../../../../arm-none-eabi/lib/armv7e-m/fpu/fpv5-sp-d16\libc_nano.a(lib_a-mprec.o)
                0x080047b6                __ratio
 .text.__copybits
                0x0800480a       0x34 d:/eclipsehal/plugins/fr.ac6.mcu.externaltools.arm-none.win32_1.11.0.201610101338/tools/gcc-arm-none-eabi-5_4-2016q2-20160622-win32/bin/../lib/gcc/arm-none-eabi/5.4.1/../../../../arm-none-eabi/lib/armv7e-m/fpu/fpv5-sp-d16\libc_nano.a(lib_a-mprec.o)
                0x0800480a                __copybits
 .text.__any_on
                0x0800483e       0x44 d:/eclipsehal/plugins/fr.ac6.mcu.externaltools.arm-none.win32_1.11.0.201610101338/tools/gcc-arm-none-eabi-5_4-2016q2-20160622-win32/bin/../lib/gcc/arm-none-eabi/5.4.1/../../../../arm-none-eabi/lib/armv7e-m/fpu/fpv5-sp-d16\libc_nano.a(lib_a-mprec.o)
                0x0800483e                __any_on
 .text._calloc_r
                0x08004882       0x1c d:/eclipsehal/plugins/fr.ac6.mcu.externaltools.arm-none.win32_1.11.0.201610101338/tools/gcc-arm-none-eabi-5_4-2016q2-20160622-win32/bin/../lib/gcc/arm-none-eabi/5.4.1/../../../../arm-none-eabi/lib/armv7e-m/fpu/fpv5-sp-d16\libc_nano.a(lib_a-nano-callocr.o)
                0x08004882                _calloc_r
 *fill*         0x0800489e        0x2 
 .text._malloc_r
                0x080048a0       0xbc d:/eclipsehal/plugins/fr.ac6.mcu.externaltools.arm-none.win32_1.11.0.201610101338/tools/gcc-arm-none-eabi-5_4-2016q2-20160622-win32/bin/../lib/gcc/arm-none-eabi/5.4.1/../../../../arm-none-eabi/lib/armv7e-m/fpu/fpv5-sp-d16\libc_nano.a(lib_a-nano-mallocr.o)
                0x080048a0                _malloc_r
 .text.__ssputs_r
                0x0800495c       0xb2 d:/eclipsehal/plugins/fr.ac6.mcu.externaltools.arm-none.win32_1.11.0.201610101338/tools/gcc-arm-none-eabi-5_4-2016q2-20160622-win32/bin/../lib/gcc/arm-none-eabi/5.4.1/../../../../arm-none-eabi/lib/armv7e-m/fpu/fpv5-sp-d16\libc_nano.a(lib_a-nano-svfprintf.o)
                0x0800495c                __ssputs_r
 *fill*         0x08004a0e        0x2 
 .text._svfprintf_r
                0x08004a10      0x1e8 d:/eclipsehal/plugins/fr.ac6.mcu.externaltools.arm-none.win32_1.11.0.201610101338/tools/gcc-arm-none-eabi-5_4-2016q2-20160622-win32/bin/../lib/gcc/arm-none-eabi/5.4.1/../../../../arm-none-eabi/lib/armv7e-m/fpu/fpv5-sp-d16\libc_nano.a(lib_a-nano-svfprintf.o)
                0x08004a10                _svfiprintf_r
                0x08004a10                _svfprintf_r
 .text._printf_common
                0x08004bf8       0xec d:/eclipsehal/plugins/fr.ac6.mcu.externaltools.arm-none.win32_1.11.0.201610101338/tools/gcc-arm-none-eabi-5_4-2016q2-20160622-win32/bin/../lib/gcc/arm-none-eabi/5.4.1/../../../../arm-none-eabi/lib/armv7e-m/fpu/fpv5-sp-d16\libc_nano.a(lib_a-nano-vfprintf_i.o)
                0x08004bf8                _printf_common
 .text._printf_i
                0x08004ce4      0x24c d:/eclipsehal/plugins/fr.ac6.mcu.externaltools.arm-none.win32_1.11.0.201610101338/tools/gcc-arm-none-eabi-5_4-2016q2-20160622-win32/bin/../lib/gcc/arm-none-eabi/5.4.1/../../../../arm-none-eabi/lib/armv7e-m/fpu/fpv5-sp-d16\libc_nano.a(lib_a-nano-vfprintf_i.o)
                0x08004ce4                _printf_i
 .text._sbrk_r  0x08004f30       0x20 d:/eclipsehal/plugins/fr.ac6.mcu.externaltools.arm-none.win32_1.11.0.201610101338/tools/gcc-arm-none-eabi-5_4-2016q2-20160622-win32/bin/../lib/gcc/arm-none-eabi/5.4.1/../../../../arm-none-eabi/lib/armv7e-m/fpu/fpv5-sp-d16\libc_nano.a(lib_a-sbrkr.o)
                0x08004f30                _sbrk_r
 .text.strncmp  0x08004f50       0x2a d:/eclipsehal/plugins/fr.ac6.mcu.externaltools.arm-none.win32_1.11.0.201610101338/tools/gcc-arm-none-eabi-5_4-2016q2-20160622-win32/bin/../lib/gcc/arm-none-eabi/5.4.1/../../../../arm-none-eabi/lib/armv7e-m/fpu/fpv5-sp-d16\libc_nano.a(lib_a-strncmp.o)
                0x08004f50                strncmp
 *fill*         0x08004f7a        0x2 
 .text.malloc   0x08004f7c       0x10 d:/eclipsehal/plugins/fr.ac6.mcu.externaltools.arm-none.win32_1.11.0.201610101338/tools/gcc-arm-none-eabi-5_4-2016q2-20160622-win32/bin/../lib/gcc/arm-none-eabi/5.4.1/../../../../arm-none-eabi/lib/armv7e-m/fpu/fpv5-sp-d16\libc_nano.a(lib_a-malloc.o)
                0x08004f7c                malloc
 .text.memmove  0x08004f8c       0x36 d:/eclipsehal/plugins/fr.ac6.mcu.externaltools.arm-none.win32_1.11.0.201610101338/tools/gcc-arm-none-eabi-5_4-2016q2-20160622-win32/bin/../lib/gcc/arm-none-eabi/5.4.1/../../../../arm-none-eabi/lib/armv7e-m/fpu/fpv5-sp-d16\libc_nano.a(lib_a-memmove.o)
                0x08004f8c                memmove
 .text.__malloc_lock
                0x08004fc2        0x2 d:/eclipsehal/plugins/fr.ac6.mcu.externaltools.arm-none.win32_1.11.0.201610101338/tools/gcc-arm-none-eabi-5_4-2016q2-20160622-win32/bin/../lib/gcc/arm-none-eabi/5.4.1/../../../../arm-none-eabi/lib/armv7e-m/fpu/fpv5-sp-d16\libc_nano.a(lib_a-mlock.o)
                0x08004fc2                __malloc_lock
 .text.__malloc_unlock
                0x08004fc4        0x2 d:/eclipsehal/plugins/fr.ac6.mcu.externaltools.arm-none.win32_1.11.0.201610101338/tools/gcc-arm-none-eabi-5_4-2016q2-20160622-win32/bin/../lib/gcc/arm-none-eabi/5.4.1/../../../../arm-none-eabi/lib/armv7e-m/fpu/fpv5-sp-d16\libc_nano.a(lib_a-mlock.o)
                0x08004fc4                __malloc_unlock
 *fill*         0x08004fc6        0x2 
 .text._free_r  0x08004fc8       0x9c d:/eclipsehal/plugins/fr.ac6.mcu.externaltools.arm-none.win32_1.11.0.201610101338/tools/gcc-arm-none-eabi-5_4-2016q2-20160622-win32/bin/../lib/gcc/arm-none-eabi/5.4.1/../../../../arm-none-eabi/lib/armv7e-m/fpu/fpv5-sp-d16\libc_nano.a(lib_a-nano-freer.o)
                0x08004fc8                _free_r
 .text._realloc_r
                0x08005064       0x4c d:/eclipsehal/plugins/fr.ac6.mcu.externaltools.arm-none.win32_1.11.0.201610101338/tools/gcc-arm-none-eabi-5_4-2016q2-20160622-win32/bin/../lib/gcc/arm-none-eabi/5.4.1/../../../../arm-none-eabi/lib/armv7e-m/fpu/fpv5-sp-d16\libc_nano.a(lib_a-nano-reallocr.o)
                0x08005064                _realloc_r
 .text._malloc_usable_size_r
                0x080050b0       0x14 d:/eclipsehal/plugins/fr.ac6.mcu.externaltools.arm-none.win32_1.11.0.201610101338/tools/gcc-arm-none-eabi-5_4-2016q2-20160622-win32/bin/../lib/gcc/arm-none-eabi/5.4.1/../../../../arm-none-eabi/lib/armv7e-m/fpu/fpv5-sp-d16\libc_nano.a(lib_a-nano-msizer.o)
                0x080050b0                _malloc_usable_size_r
 .text._sbrk    0x080050c4       0x1c d:/eclipsehal/plugins/fr.ac6.mcu.externaltools.arm-none.win32_1.11.0.201610101338/tools/gcc-arm-none-eabi-5_4-2016q2-20160622-win32/bin/../lib/gcc/arm-none-eabi/5.4.1/../../../../arm-none-eabi/lib/armv7e-m/fpu/fpv5-sp-d16\libnosys.a(sbrk.o)
                0x080050c4                _sbrk
 *(.glue_7)
 .glue_7        0x080050e0        0x0 linker stubs
 *(.glue_7t)
 .glue_7t       0x080050e0        0x0 linker stubs
 *(.eh_frame)
 .eh_frame      0x080050e0        0x0 d:/eclipsehal/plugins/fr.ac6.mcu.externaltools.arm-none.win32_1.11.0.201610101338/tools/gcc-arm-none-eabi-5_4-2016q2-20160622-win32/bin/../lib/gcc/arm-none-eabi/5.4.1/armv7e-m/fpu/fpv5-sp-d16/crtbegin.o
 *(.init)
 .init          0x080050e0        0x4 d:/eclipsehal/plugins/fr.ac6.mcu.externaltools.arm-none.win32_1.11.0.201610101338/tools/gcc-arm-none-eabi-5_4-2016q2-20160622-win32/bin/../lib/gcc/arm-none-eabi/5.4.1/armv7e-m/fpu/fpv5-sp-d16/crti.o
                0x080050e0                _init
 .init          0x080050e4        0x8 d:/eclipsehal/plugins/fr.ac6.mcu.externaltools.arm-none.win32_1.11.0.201610101338/tools/gcc-arm-none-eabi-5_4-2016q2-20160622-win32/bin/../lib/gcc/arm-none-eabi/5.4.1/armv7e-m/fpu/fpv5-sp-d16/crtn.o
 *(.fini)
 .fini          0x080050ec        0x4 d:/eclipsehal/plugins/fr.ac6.mcu.externaltools.arm-none.win32_1.11.0.201610101338/tools/gcc-arm-none-eabi-5_4-2016q2-20160622-win32/bin/../lib/gcc/arm-none-eabi/5.4.1/armv7e-m/fpu/fpv5-sp-d16/crti.o
                0x080050ec                _fini
 .fini          0x080050f0        0x8 d:/eclipsehal/plugins/fr.ac6.mcu.externaltools.arm-none.win32_1.11.0.201610101338/tools/gcc-arm-none-eabi-5_4-2016q2-20160622-win32/bin/../lib/gcc/arm-none-eabi/5.4.1/armv7e-m/fpu/fpv5-sp-d16/crtn.o
                0x080050f8                . = ALIGN (0x4)
                0x080050f8                _etext = .

.vfp11_veneer   0x080050f8        0x0
 .vfp11_veneer  0x080050f8        0x0 linker stubs

.v4_bx          0x080050f8        0x0
 .v4_bx         0x080050f8        0x0 linker stubs

.iplt           0x080050f8        0x0
 .iplt          0x080050f8        0x0 d:/eclipsehal/plugins/fr.ac6.mcu.externaltools.arm-none.win32_1.11.0.201610101338/tools/gcc-arm-none-eabi-5_4-2016q2-20160622-win32/bin/../lib/gcc/arm-none-eabi/5.4.1/armv7e-m/fpu/fpv5-sp-d16/crtbegin.o

.rodata         0x080050f8      0x1cc
                0x080050f8                . = ALIGN (0x4)
 *(.rodata)
 .rodata        0x080050f8       0x18 Drivers/CMSIS/system_stm32f7xx.o
                0x080050f8                AHBPrescTable
                0x08005108                APBPrescTable
 .rodata        0x08005110       0x11 Drivers/STM32F7xx_HAL_Driver/stm32f7xx_hal_uart.o
 *(.rodata*)
 .rodata.str1.1
                0x08005121        0x5 Application/User/main.o
 .rodata.str1.1
                0x08005126        0x2 d:/eclipsehal/plugins/fr.ac6.mcu.externaltools.arm-none.win32_1.11.0.201610101338/tools/gcc-arm-none-eabi-5_4-2016q2-20160622-win32/bin/../lib/gcc/arm-none-eabi/5.4.1/../../../../arm-none-eabi/lib/armv7e-m/fpu/fpv5-sp-d16\libc_nano.a(lib_a-impure.o)
 .rodata.fpinan.5403
                0x08005128       0x14 d:/eclipsehal/plugins/fr.ac6.mcu.externaltools.arm-none.win32_1.11.0.201610101338/tools/gcc-arm-none-eabi-5_4-2016q2-20160622-win32/bin/../lib/gcc/arm-none-eabi/5.4.1/../../../../arm-none-eabi/lib/armv7e-m/fpu/fpv5-sp-d16\libc_nano.a(lib_a-strtod.o)
 .rodata.str1.1
                0x0800513c        0xc d:/eclipsehal/plugins/fr.ac6.mcu.externaltools.arm-none.win32_1.11.0.201610101338/tools/gcc-arm-none-eabi-5_4-2016q2-20160622-win32/bin/../lib/gcc/arm-none-eabi/5.4.1/../../../../arm-none-eabi/lib/armv7e-m/fpu/fpv5-sp-d16\libc_nano.a(lib_a-strtod.o)
 .rodata.fpi.5367
                0x08005148       0x14 d:/eclipsehal/plugins/fr.ac6.mcu.externaltools.arm-none.win32_1.11.0.201610101338/tools/gcc-arm-none-eabi-5_4-2016q2-20160622-win32/bin/../lib/gcc/arm-none-eabi/5.4.1/../../../../arm-none-eabi/lib/armv7e-m/fpu/fpv5-sp-d16\libc_nano.a(lib_a-strtod.o)
 *fill*         0x0800515c        0x4 
 .rodata.tinytens
                0x08005160       0x28 d:/eclipsehal/plugins/fr.ac6.mcu.externaltools.arm-none.win32_1.11.0.201610101338/tools/gcc-arm-none-eabi-5_4-2016q2-20160622-win32/bin/../lib/gcc/arm-none-eabi/5.4.1/../../../../arm-none-eabi/lib/armv7e-m/fpu/fpv5-sp-d16\libc_nano.a(lib_a-strtod.o)
 .rodata.str1.1
                0x08005188        0x8 d:/eclipsehal/plugins/fr.ac6.mcu.externaltools.arm-none.win32_1.11.0.201610101338/tools/gcc-arm-none-eabi-5_4-2016q2-20160622-win32/bin/../lib/gcc/arm-none-eabi/5.4.1/../../../../arm-none-eabi/lib/armv7e-m/fpu/fpv5-sp-d16\libc_nano.a(lib_a-locale.o)
                                  0xb (size before relaxing)
 .rodata.p05.5410
                0x08005190        0xc d:/eclipsehal/plugins/fr.ac6.mcu.externaltools.arm-none.win32_1.11.0.201610101338/tools/gcc-arm-none-eabi-5_4-2016q2-20160622-win32/bin/../lib/gcc/arm-none-eabi/5.4.1/../../../../arm-none-eabi/lib/armv7e-m/fpu/fpv5-sp-d16\libc_nano.a(lib_a-mprec.o)
 *fill*         0x0800519c        0x4 
 .rodata.__mprec_bigtens
                0x080051a0       0x28 d:/eclipsehal/plugins/fr.ac6.mcu.externaltools.arm-none.win32_1.11.0.201610101338/tools/gcc-arm-none-eabi-5_4-2016q2-20160622-win32/bin/../lib/gcc/arm-none-eabi/5.4.1/../../../../arm-none-eabi/lib/armv7e-m/fpu/fpv5-sp-d16\libc_nano.a(lib_a-mprec.o)
                0x080051a0                __mprec_bigtens
 .rodata.__mprec_tens
                0x080051c8       0xc8 d:/eclipsehal/plugins/fr.ac6.mcu.externaltools.arm-none.win32_1.11.0.201610101338/tools/gcc-arm-none-eabi-5_4-2016q2-20160622-win32/bin/../lib/gcc/arm-none-eabi/5.4.1/../../../../arm-none-eabi/lib/armv7e-m/fpu/fpv5-sp-d16\libc_nano.a(lib_a-mprec.o)
                0x080051c8                __mprec_tens
 .rodata.str1.1
                0x08005290       0x11 d:/eclipsehal/plugins/fr.ac6.mcu.externaltools.arm-none.win32_1.11.0.201610101338/tools/gcc-arm-none-eabi-5_4-2016q2-20160622-win32/bin/../lib/gcc/arm-none-eabi/5.4.1/../../../../arm-none-eabi/lib/armv7e-m/fpu/fpv5-sp-d16\libc_nano.a(lib_a-nano-svfprintf.o)
 .rodata.str1.1
                0x080052a1       0x22 d:/eclipsehal/plugins/fr.ac6.mcu.externaltools.arm-none.win32_1.11.0.201610101338/tools/gcc-arm-none-eabi-5_4-2016q2-20160622-win32/bin/../lib/gcc/arm-none-eabi/5.4.1/../../../../arm-none-eabi/lib/armv7e-m/fpu/fpv5-sp-d16\libc_nano.a(lib_a-nano-vfprintf_i.o)
                0x080052c4                . = ALIGN (0x4)
 *fill*         0x080052c3        0x1 

.rel.dyn        0x080052c4        0x0
 .rel.iplt      0x080052c4        0x0 d:/eclipsehal/plugins/fr.ac6.mcu.externaltools.arm-none.win32_1.11.0.201610101338/tools/gcc-arm-none-eabi-5_4-2016q2-20160622-win32/bin/../lib/gcc/arm-none-eabi/5.4.1/armv7e-m/fpu/fpv5-sp-d16/crtbegin.o

.ARM.extab
 *(.ARM.extab* .gnu.linkonce.armextab.*)

.ARM            0x080052c4        0x0
                0x080052c4                __exidx_start = .
 *(.ARM.exidx*)
                0x080052c4                __exidx_end = .

.preinit_array  0x080052c4        0x0
                0x080052c4                PROVIDE (__preinit_array_start, .)
 *(.preinit_array*)
                0x080052c4                PROVIDE (__preinit_array_end, .)

.init_array     0x080052c4        0x4
                0x080052c4                PROVIDE (__init_array_start, .)
 *(SORT(.init_array.*))
 *(.init_array*)
 .init_array    0x080052c4        0x4 d:/eclipsehal/plugins/fr.ac6.mcu.externaltools.arm-none.win32_1.11.0.201610101338/tools/gcc-arm-none-eabi-5_4-2016q2-20160622-win32/bin/../lib/gcc/arm-none-eabi/5.4.1/armv7e-m/fpu/fpv5-sp-d16/crtbegin.o
                0x080052c8                PROVIDE (__init_array_end, .)

.fini_array     0x080052c8        0x4
                [!provide]                PROVIDE (__fini_array_start, .)
 *(SORT(.fini_array.*))
 *(.fini_array*)
 .fini_array    0x080052c8        0x4 d:/eclipsehal/plugins/fr.ac6.mcu.externaltools.arm-none.win32_1.11.0.201610101338/tools/gcc-arm-none-eabi-5_4-2016q2-20160622-win32/bin/../lib/gcc/arm-none-eabi/5.4.1/armv7e-m/fpu/fpv5-sp-d16/crtbegin.o
                [!provide]                PROVIDE (__fini_array_end, .)
                0x080052cc                _sidata = LOADADDR (.data)

.data           0x20000000       0xac load address 0x080052cc
                0x20000000                . = ALIGN (0x4)
                0x20000000                _sdata = .
 *(.data)
 .data          0x20000000        0xb Application/User/main.o
                0x20000000                M
                0x20000001                send
 *fill*         0x2000000b        0x1 
 .data          0x2000000c        0x4 Drivers/CMSIS/system_stm32f7xx.o
                0x2000000c                SystemCoreClock
 *(.data*)
 .data.impure_data
                0x20000010       0x60 d:/eclipsehal/plugins/fr.ac6.mcu.externaltools.arm-none.win32_1.11.0.201610101338/tools/gcc-arm-none-eabi-5_4-2016q2-20160622-win32/bin/../lib/gcc/arm-none-eabi/5.4.1/../../../../arm-none-eabi/lib/armv7e-m/fpu/fpv5-sp-d16\libc_nano.a(lib_a-impure.o)
 .data._impure_ptr
                0x20000070        0x4 d:/eclipsehal/plugins/fr.ac6.mcu.externaltools.arm-none.win32_1.11.0.201610101338/tools/gcc-arm-none-eabi-5_4-2016q2-20160622-win32/bin/../lib/gcc/arm-none-eabi/5.4.1/../../../../arm-none-eabi/lib/armv7e-m/fpu/fpv5-sp-d16\libc_nano.a(lib_a-impure.o)
                0x20000070                _impure_ptr
 .data.lconv    0x20000074       0x38 d:/eclipsehal/plugins/fr.ac6.mcu.externaltools.arm-none.win32_1.11.0.201610101338/tools/gcc-arm-none-eabi-5_4-2016q2-20160622-win32/bin/../lib/gcc/arm-none-eabi/5.4.1/../../../../arm-none-eabi/lib/armv7e-m/fpu/fpv5-sp-d16\libc_nano.a(lib_a-locale.o)
                0x200000ac                . = ALIGN (0x4)
                0x200000ac                _edata = .

.jcr            0x200000ac        0x0 load address 0x08005378
 .jcr           0x200000ac        0x0 d:/eclipsehal/plugins/fr.ac6.mcu.externaltools.arm-none.win32_1.11.0.201610101338/tools/gcc-arm-none-eabi-5_4-2016q2-20160622-win32/bin/../lib/gcc/arm-none-eabi/5.4.1/armv7e-m/fpu/fpv5-sp-d16/crtbegin.o

.igot.plt       0x200000ac        0x0 load address 0x08005378
 .igot.plt      0x200000ac        0x0 d:/eclipsehal/plugins/fr.ac6.mcu.externaltools.arm-none.win32_1.11.0.201610101338/tools/gcc-arm-none-eabi-5_4-2016q2-20160622-win32/bin/../lib/gcc/arm-none-eabi/5.4.1/armv7e-m/fpu/fpv5-sp-d16/crtbegin.o
                0x200000ac                . = ALIGN (0x4)

.bss            0x200000ac      0x124 load address 0x08005378
                0x200000ac                _sbss = .
                0x200000ac                __bss_start__ = _sbss
 *(.bss)
 .bss           0x200000ac       0x1c d:/eclipsehal/plugins/fr.ac6.mcu.externaltools.arm-none.win32_1.11.0.201610101338/tools/gcc-arm-none-eabi-5_4-2016q2-20160622-win32/bin/../lib/gcc/arm-none-eabi/5.4.1/armv7e-m/fpu/fpv5-sp-d16/crtbegin.o
 .bss           0x200000c8        0x4 Application/User/main.o
                0x200000c8                u
 *(.bss*)
 .bss.__malloc_sbrk_start
                0x200000cc        0x4 d:/eclipsehal/plugins/fr.ac6.mcu.externaltools.arm-none.win32_1.11.0.201610101338/tools/gcc-arm-none-eabi-5_4-2016q2-20160622-win32/bin/../lib/gcc/arm-none-eabi/5.4.1/../../../../arm-none-eabi/lib/armv7e-m/fpu/fpv5-sp-d16\libc_nano.a(lib_a-nano-mallocr.o)
                0x200000cc                __malloc_sbrk_start
 .bss.__malloc_free_list
                0x200000d0        0x4 d:/eclipsehal/plugins/fr.ac6.mcu.externaltools.arm-none.win32_1.11.0.201610101338/tools/gcc-arm-none-eabi-5_4-2016q2-20160622-win32/bin/../lib/gcc/arm-none-eabi/5.4.1/../../../../arm-none-eabi/lib/armv7e-m/fpu/fpv5-sp-d16\libc_nano.a(lib_a-nano-mallocr.o)
                0x200000d0                __malloc_free_list
 .bss.heap_end.4169
                0x200000d4        0x4 d:/eclipsehal/plugins/fr.ac6.mcu.externaltools.arm-none.win32_1.11.0.201610101338/tools/gcc-arm-none-eabi-5_4-2016q2-20160622-win32/bin/../lib/gcc/arm-none-eabi/5.4.1/../../../../arm-none-eabi/lib/armv7e-m/fpu/fpv5-sp-d16\libnosys.a(sbrk.o)
 *(COMMON)
 COMMON         0x200000d8       0xee Application/User/main.o
                0x200000d8                x
                0x200000e0                huart7
                0x20000150                htim10
                0x2000018c                par
                0x20000198                s1
                0x200001a0                d
                0x200001b4                s2
                0x200001bc                recieve
 *fill*         0x200001c6        0x2 
 COMMON         0x200001c8        0x4 Drivers/STM32F7xx_HAL_Driver/stm32f7xx_hal.o
                0x200001c8                uwTick
 COMMON         0x200001cc        0x4 d:/eclipsehal/plugins/fr.ac6.mcu.externaltools.arm-none.win32_1.11.0.201610101338/tools/gcc-arm-none-eabi-5_4-2016q2-20160622-win32/bin/../lib/gcc/arm-none-eabi/5.4.1/../../../../arm-none-eabi/lib/armv7e-m/fpu/fpv5-sp-d16\libc_nano.a(lib_a-reent.o)
                0x200001cc                errno
                0x200001d0                . = ALIGN (0x4)
                0x200001d0                _ebss = .
                0x200001d0                __bss_end__ = _ebss

._user_heap_stack
                0x200001d0      0x600 load address 0x08005378
                0x200001d0                . = ALIGN (0x8)
                0x200001d0                PROVIDE (end, .)
                [!provide]                PROVIDE (_end, .)
                0x200003d0                . = (. + _Min_Heap_Size)
 *fill*         0x200001d0      0x200 
                0x200007d0                . = (. + _Min_Stack_Size)
 *fill*         0x200003d0      0x400 
                0x200007d0                . = ALIGN (0x8)

/DISCARD/
 libc.a(*)
 libm.a(*)
 libgcc.a(*)

.ARM.attributes
                0x00000000       0x30
 *(.ARM.attributes)
 .ARM.attributes
                0x00000000       0x22 d:/eclipsehal/plugins/fr.ac6.mcu.externaltools.arm-none.win32_1.11.0.201610101338/tools/gcc-arm-none-eabi-5_4-2016q2-20160622-win32/bin/../lib/gcc/arm-none-eabi/5.4.1/armv7e-m/fpu/fpv5-sp-d16/crti.o
 .ARM.attributes
                0x00000022       0x34 d:/eclipsehal/plugins/fr.ac6.mcu.externaltools.arm-none.win32_1.11.0.201610101338/tools/gcc-arm-none-eabi-5_4-2016q2-20160622-win32/bin/../lib/gcc/arm-none-eabi/5.4.1/armv7e-m/fpu/fpv5-sp-d16/crtbegin.o
 .ARM.attributes
                0x00000056       0x21 Application/SW4STM32/startup_stm32f746xx.o
 .ARM.attributes
                0x00000077       0x39 Application/User/dc_model.o
 .ARM.attributes
                0x000000b0       0x39 Application/User/main.o
 .ARM.attributes
                0x000000e9       0x39 Application/User/stm32f7xx_hal_msp.o
 .ARM.attributes
                0x00000122       0x39 Application/User/stm32f7xx_it.o
 .ARM.attributes
                0x0000015b       0x39 Drivers/CMSIS/system_stm32f7xx.o
 .ARM.attributes
                0x00000194       0x39 Drivers/STM32F7xx_HAL_Driver/stm32f7xx_hal.o
 .ARM.attributes
                0x000001cd       0x39 Drivers/STM32F7xx_HAL_Driver/stm32f7xx_hal_cortex.o
 .ARM.attributes
                0x00000206       0x39 Drivers/STM32F7xx_HAL_Driver/stm32f7xx_hal_dma.o
 .ARM.attributes
                0x0000023f       0x39 Drivers/STM32F7xx_HAL_Driver/stm32f7xx_hal_gpio.o
 .ARM.attributes
                0x00000278       0x39 Drivers/STM32F7xx_HAL_Driver/stm32f7xx_hal_pwr_ex.o
 .ARM.attributes
                0x000002b1       0x39 Drivers/STM32F7xx_HAL_Driver/stm32f7xx_hal_rcc.o
 .ARM.attributes
                0x000002ea       0x39 Drivers/STM32F7xx_HAL_Driver/stm32f7xx_hal_rcc_ex.o
 .ARM.attributes
                0x00000323       0x39 Drivers/STM32F7xx_HAL_Driver/stm32f7xx_hal_tim.o
 .ARM.attributes
                0x0000035c       0x39 Drivers/STM32F7xx_HAL_Driver/stm32f7xx_hal_tim_ex.o
 .ARM.attributes
                0x00000395       0x39 Drivers/STM32F7xx_HAL_Driver/stm32f7xx_hal_uart.o
 .ARM.attributes
                0x000003ce       0x22 d:/eclipsehal/plugins/fr.ac6.mcu.externaltools.arm-none.win32_1.11.0.201610101338/tools/gcc-arm-none-eabi-5_4-2016q2-20160622-win32/bin/../lib/gcc/arm-none-eabi/5.4.1/armv7e-m/fpu/fpv5-sp-d16\libgcc.a(_arm_addsubdf3.o)
 .ARM.attributes
                0x000003f0       0x22 d:/eclipsehal/plugins/fr.ac6.mcu.externaltools.arm-none.win32_1.11.0.201610101338/tools/gcc-arm-none-eabi-5_4-2016q2-20160622-win32/bin/../lib/gcc/arm-none-eabi/5.4.1/armv7e-m/fpu/fpv5-sp-d16\libgcc.a(_arm_truncdfsf2.o)
 .ARM.attributes
                0x00000412       0x34 d:/eclipsehal/plugins/fr.ac6.mcu.externaltools.arm-none.win32_1.11.0.201610101338/tools/gcc-arm-none-eabi-5_4-2016q2-20160622-win32/bin/../lib/gcc/arm-none-eabi/5.4.1/../../../../arm-none-eabi/lib/armv7e-m/fpu/fpv5-sp-d16\libc_nano.a(lib_a-atof.o)
 .ARM.attributes
                0x00000446       0x34 d:/eclipsehal/plugins/fr.ac6.mcu.externaltools.arm-none.win32_1.11.0.201610101338/tools/gcc-arm-none-eabi-5_4-2016q2-20160622-win32/bin/../lib/gcc/arm-none-eabi/5.4.1/../../../../arm-none-eabi/lib/armv7e-m/fpu/fpv5-sp-d16\libc_nano.a(lib_a-impure.o)
 .ARM.attributes
                0x0000047a       0x34 d:/eclipsehal/plugins/fr.ac6.mcu.externaltools.arm-none.win32_1.11.0.201610101338/tools/gcc-arm-none-eabi-5_4-2016q2-20160622-win32/bin/../lib/gcc/arm-none-eabi/5.4.1/../../../../arm-none-eabi/lib/armv7e-m/fpu/fpv5-sp-d16\libc_nano.a(lib_a-init.o)
 .ARM.attributes
                0x000004ae       0x34 d:/eclipsehal/plugins/fr.ac6.mcu.externaltools.arm-none.win32_1.11.0.201610101338/tools/gcc-arm-none-eabi-5_4-2016q2-20160622-win32/bin/../lib/gcc/arm-none-eabi/5.4.1/../../../../arm-none-eabi/lib/armv7e-m/fpu/fpv5-sp-d16\libc_nano.a(lib_a-memset.o)
 .ARM.attributes
                0x000004e2       0x34 d:/eclipsehal/plugins/fr.ac6.mcu.externaltools.arm-none.win32_1.11.0.201610101338/tools/gcc-arm-none-eabi-5_4-2016q2-20160622-win32/bin/../lib/gcc/arm-none-eabi/5.4.1/../../../../arm-none-eabi/lib/armv7e-m/fpu/fpv5-sp-d16\libc_nano.a(lib_a-sprintf.o)
 .ARM.attributes
                0x00000516       0x34 d:/eclipsehal/plugins/fr.ac6.mcu.externaltools.arm-none.win32_1.11.0.201610101338/tools/gcc-arm-none-eabi-5_4-2016q2-20160622-win32/bin/../lib/gcc/arm-none-eabi/5.4.1/../../../../arm-none-eabi/lib/armv7e-m/fpu/fpv5-sp-d16\libc_nano.a(lib_a-strtod.o)
 .ARM.attributes
                0x0000054a       0x34 d:/eclipsehal/plugins/fr.ac6.mcu.externaltools.arm-none.win32_1.11.0.201610101338/tools/gcc-arm-none-eabi-5_4-2016q2-20160622-win32/bin/../lib/gcc/arm-none-eabi/5.4.1/../../../../arm-none-eabi/lib/armv7e-m/fpu/fpv5-sp-d16\libc_nano.a(lib_a-gdtoa-gethex.o)
 .ARM.attributes
                0x0000057e       0x34 d:/eclipsehal/plugins/fr.ac6.mcu.externaltools.arm-none.win32_1.11.0.201610101338/tools/gcc-arm-none-eabi-5_4-2016q2-20160622-win32/bin/../lib/gcc/arm-none-eabi/5.4.1/../../../../arm-none-eabi/lib/armv7e-m/fpu/fpv5-sp-d16\libc_nano.a(lib_a-gdtoa-hexnan.o)
 .ARM.attributes
                0x000005b2       0x34 d:/eclipsehal/plugins/fr.ac6.mcu.externaltools.arm-none.win32_1.11.0.201610101338/tools/gcc-arm-none-eabi-5_4-2016q2-20160622-win32/bin/../lib/gcc/arm-none-eabi/5.4.1/../../../../arm-none-eabi/lib/armv7e-m/fpu/fpv5-sp-d16\libc_nano.a(lib_a-locale.o)
 .ARM.attributes
                0x000005e6       0x34 d:/eclipsehal/plugins/fr.ac6.mcu.externaltools.arm-none.win32_1.11.0.201610101338/tools/gcc-arm-none-eabi-5_4-2016q2-20160622-win32/bin/../lib/gcc/arm-none-eabi/5.4.1/../../../../arm-none-eabi/lib/armv7e-m/fpu/fpv5-sp-d16\libc_nano.a(lib_a-memcpy-stub.o)
 .ARM.attributes
                0x0000061a       0x34 d:/eclipsehal/plugins/fr.ac6.mcu.externaltools.arm-none.win32_1.11.0.201610101338/tools/gcc-arm-none-eabi-5_4-2016q2-20160622-win32/bin/../lib/gcc/arm-none-eabi/5.4.1/../../../../arm-none-eabi/lib/armv7e-m/fpu/fpv5-sp-d16\libc_nano.a(lib_a-mprec.o)
 .ARM.attributes
                0x0000064e       0x34 d:/eclipsehal/plugins/fr.ac6.mcu.externaltools.arm-none.win32_1.11.0.201610101338/tools/gcc-arm-none-eabi-5_4-2016q2-20160622-win32/bin/../lib/gcc/arm-none-eabi/5.4.1/../../../../arm-none-eabi/lib/armv7e-m/fpu/fpv5-sp-d16\libc_nano.a(lib_a-nano-callocr.o)
 .ARM.attributes
                0x00000682       0x34 d:/eclipsehal/plugins/fr.ac6.mcu.externaltools.arm-none.win32_1.11.0.201610101338/tools/gcc-arm-none-eabi-5_4-2016q2-20160622-win32/bin/../lib/gcc/arm-none-eabi/5.4.1/../../../../arm-none-eabi/lib/armv7e-m/fpu/fpv5-sp-d16\libc_nano.a(lib_a-nano-mallocr.o)
 .ARM.attributes
                0x000006b6       0x34 d:/eclipsehal/plugins/fr.ac6.mcu.externaltools.arm-none.win32_1.11.0.201610101338/tools/gcc-arm-none-eabi-5_4-2016q2-20160622-win32/bin/../lib/gcc/arm-none-eabi/5.4.1/../../../../arm-none-eabi/lib/armv7e-m/fpu/fpv5-sp-d16\libc_nano.a(lib_a-nano-svfprintf.o)
 .ARM.attributes
                0x000006ea       0x34 d:/eclipsehal/plugins/fr.ac6.mcu.externaltools.arm-none.win32_1.11.0.201610101338/tools/gcc-arm-none-eabi-5_4-2016q2-20160622-win32/bin/../lib/gcc/arm-none-eabi/5.4.1/../../../../arm-none-eabi/lib/armv7e-m/fpu/fpv5-sp-d16\libc_nano.a(lib_a-nano-vfprintf_i.o)
 .ARM.attributes
                0x0000071e       0x34 d:/eclipsehal/plugins/fr.ac6.mcu.externaltools.arm-none.win32_1.11.0.201610101338/tools/gcc-arm-none-eabi-5_4-2016q2-20160622-win32/bin/../lib/gcc/arm-none-eabi/5.4.1/../../../../arm-none-eabi/lib/armv7e-m/fpu/fpv5-sp-d16\libc_nano.a(lib_a-sbrkr.o)
 .ARM.attributes
                0x00000752       0x1b d:/eclipsehal/plugins/fr.ac6.mcu.externaltools.arm-none.win32_1.11.0.201610101338/tools/gcc-arm-none-eabi-5_4-2016q2-20160622-win32/bin/../lib/gcc/arm-none-eabi/5.4.1/../../../../arm-none-eabi/lib/armv7e-m/fpu/fpv5-sp-d16\libc_nano.a(lib_a-strlen.o)
 .ARM.attributes
                0x0000076d       0x34 d:/eclipsehal/plugins/fr.ac6.mcu.externaltools.arm-none.win32_1.11.0.201610101338/tools/gcc-arm-none-eabi-5_4-2016q2-20160622-win32/bin/../lib/gcc/arm-none-eabi/5.4.1/../../../../arm-none-eabi/lib/armv7e-m/fpu/fpv5-sp-d16\libc_nano.a(lib_a-strncmp.o)
 .ARM.attributes
                0x000007a1       0x34 d:/eclipsehal/plugins/fr.ac6.mcu.externaltools.arm-none.win32_1.11.0.201610101338/tools/gcc-arm-none-eabi-5_4-2016q2-20160622-win32/bin/../lib/gcc/arm-none-eabi/5.4.1/../../../../arm-none-eabi/lib/armv7e-m/fpu/fpv5-sp-d16\libc_nano.a(lib_a-malloc.o)
 .ARM.attributes
                0x000007d5       0x20 d:/eclipsehal/plugins/fr.ac6.mcu.externaltools.arm-none.win32_1.11.0.201610101338/tools/gcc-arm-none-eabi-5_4-2016q2-20160622-win32/bin/../lib/gcc/arm-none-eabi/5.4.1/../../../../arm-none-eabi/lib/armv7e-m/fpu/fpv5-sp-d16\libc_nano.a(lib_a-memchr.o)
 .ARM.attributes
                0x000007f5       0x34 d:/eclipsehal/plugins/fr.ac6.mcu.externaltools.arm-none.win32_1.11.0.201610101338/tools/gcc-arm-none-eabi-5_4-2016q2-20160622-win32/bin/../lib/gcc/arm-none-eabi/5.4.1/../../../../arm-none-eabi/lib/armv7e-m/fpu/fpv5-sp-d16\libc_nano.a(lib_a-memmove.o)
 .ARM.attributes
                0x00000829       0x34 d:/eclipsehal/plugins/fr.ac6.mcu.externaltools.arm-none.win32_1.11.0.201610101338/tools/gcc-arm-none-eabi-5_4-2016q2-20160622-win32/bin/../lib/gcc/arm-none-eabi/5.4.1/../../../../arm-none-eabi/lib/armv7e-m/fpu/fpv5-sp-d16\libc_nano.a(lib_a-mlock.o)
 .ARM.attributes
                0x0000085d       0x34 d:/eclipsehal/plugins/fr.ac6.mcu.externaltools.arm-none.win32_1.11.0.201610101338/tools/gcc-arm-none-eabi-5_4-2016q2-20160622-win32/bin/../lib/gcc/arm-none-eabi/5.4.1/../../../../arm-none-eabi/lib/armv7e-m/fpu/fpv5-sp-d16\libc_nano.a(lib_a-nano-freer.o)
 .ARM.attributes
                0x00000891       0x34 d:/eclipsehal/plugins/fr.ac6.mcu.externaltools.arm-none.win32_1.11.0.201610101338/tools/gcc-arm-none-eabi-5_4-2016q2-20160622-win32/bin/../lib/gcc/arm-none-eabi/5.4.1/../../../../arm-none-eabi/lib/armv7e-m/fpu/fpv5-sp-d16\libc_nano.a(lib_a-nano-reallocr.o)
 .ARM.attributes
                0x000008c5       0x34 d:/eclipsehal/plugins/fr.ac6.mcu.externaltools.arm-none.win32_1.11.0.201610101338/tools/gcc-arm-none-eabi-5_4-2016q2-20160622-win32/bin/../lib/gcc/arm-none-eabi/5.4.1/../../../../arm-none-eabi/lib/armv7e-m/fpu/fpv5-sp-d16\libc_nano.a(lib_a-reent.o)
 .ARM.attributes
                0x000008f9       0x34 d:/eclipsehal/plugins/fr.ac6.mcu.externaltools.arm-none.win32_1.11.0.201610101338/tools/gcc-arm-none-eabi-5_4-2016q2-20160622-win32/bin/../lib/gcc/arm-none-eabi/5.4.1/../../../../arm-none-eabi/lib/armv7e-m/fpu/fpv5-sp-d16\libc_nano.a(lib_a-nano-msizer.o)
 .ARM.attributes
                0x0000092d       0x22 d:/eclipsehal/plugins/fr.ac6.mcu.externaltools.arm-none.win32_1.11.0.201610101338/tools/gcc-arm-none-eabi-5_4-2016q2-20160622-win32/bin/../lib/gcc/arm-none-eabi/5.4.1/armv7e-m/fpu/fpv5-sp-d16\libgcc.a(_arm_muldivdf3.o)
 .ARM.attributes
                0x0000094f       0x22 d:/eclipsehal/plugins/fr.ac6.mcu.externaltools.arm-none.win32_1.11.0.201610101338/tools/gcc-arm-none-eabi-5_4-2016q2-20160622-win32/bin/../lib/gcc/arm-none-eabi/5.4.1/armv7e-m/fpu/fpv5-sp-d16\libgcc.a(_arm_cmpdf2.o)
 .ARM.attributes
                0x00000971       0x22 d:/eclipsehal/plugins/fr.ac6.mcu.externaltools.arm-none.win32_1.11.0.201610101338/tools/gcc-arm-none-eabi-5_4-2016q2-20160622-win32/bin/../lib/gcc/arm-none-eabi/5.4.1/armv7e-m/fpu/fpv5-sp-d16\libgcc.a(_arm_fixdfsi.o)
 .ARM.attributes
                0x00000993       0x22 d:/eclipsehal/plugins/fr.ac6.mcu.externaltools.arm-none.win32_1.11.0.201610101338/tools/gcc-arm-none-eabi-5_4-2016q2-20160622-win32/bin/../lib/gcc/arm-none-eabi/5.4.1/armv7e-m/fpu/fpv5-sp-d16\libgcc.a(_arm_fixunsdfsi.o)
 .ARM.attributes
                0x000009b5       0x34 d:/eclipsehal/plugins/fr.ac6.mcu.externaltools.arm-none.win32_1.11.0.201610101338/tools/gcc-arm-none-eabi-5_4-2016q2-20160622-win32/bin/../lib/gcc/arm-none-eabi/5.4.1/../../../../arm-none-eabi/lib/armv7e-m/fpu/fpv5-sp-d16\libnosys.a(sbrk.o)
 .ARM.attributes
                0x000009e9       0x22 d:/eclipsehal/plugins/fr.ac6.mcu.externaltools.arm-none.win32_1.11.0.201610101338/tools/gcc-arm-none-eabi-5_4-2016q2-20160622-win32/bin/../lib/gcc/arm-none-eabi/5.4.1/armv7e-m/fpu/fpv5-sp-d16/crtn.o
OUTPUT(Plant.elf elf32-littlearm)

.debug_line     0x00000000     0xab05
 .debug_line    0x00000000       0xd9 Application/SW4STM32/startup_stm32f746xx.o
 .debug_line    0x000000d9       0xb4 Application/User/dc_model.o
 .debug_line    0x0000018d      0x9c2 Application/User/main.o
 .debug_line    0x00000b4f      0x8ec Application/User/stm32f7xx_hal_msp.o
 .debug_line    0x0000143b      0x8f9 Application/User/stm32f7xx_it.o
 .debug_line    0x00001d34      0x8bf Drivers/CMSIS/system_stm32f7xx.o
 .debug_line    0x000025f3      0xa14 Drivers/STM32F7xx_HAL_Driver/stm32f7xx_hal.o
 .debug_line    0x00003007      0xa80 Drivers/STM32F7xx_HAL_Driver/stm32f7xx_hal_cortex.o
 .debug_line    0x00003a87      0xb92 Drivers/STM32F7xx_HAL_Driver/stm32f7xx_hal_dma.o
 .debug_line    0x00004619      0xa76 Drivers/STM32F7xx_HAL_Driver/stm32f7xx_hal_gpio.o
 .debug_line    0x0000508f      0x9e5 Drivers/STM32F7xx_HAL_Driver/stm32f7xx_hal_pwr_ex.o
 .debug_line    0x00005a74      0xc45 Drivers/STM32F7xx_HAL_Driver/stm32f7xx_hal_rcc.o
 .debug_line    0x000066b9      0xcb1 Drivers/STM32F7xx_HAL_Driver/stm32f7xx_hal_rcc_ex.o
 .debug_line    0x0000736a     0x17bd Drivers/STM32F7xx_HAL_Driver/stm32f7xx_hal_tim.o
 .debug_line    0x00008b27      0xe5b Drivers/STM32F7xx_HAL_Driver/stm32f7xx_hal_tim_ex.o
 .debug_line    0x00009982     0x1183 Drivers/STM32F7xx_HAL_Driver/stm32f7xx_hal_uart.o

.debug_info     0x00000000     0xe746
 .debug_info    0x00000000       0xe2 Application/SW4STM32/startup_stm32f746xx.o
 .debug_info    0x000000e2      0x297 Application/User/dc_model.o
 .debug_info    0x00000379     0x1949 Application/User/main.o
 .debug_info    0x00001cc2     0x10b6 Application/User/stm32f7xx_hal_msp.o
 .debug_info    0x00002d78      0x9a9 Application/User/stm32f7xx_it.o
 .debug_info    0x00003721      0x6e9 Drivers/CMSIS/system_stm32f7xx.o
 .debug_info    0x00003e0a      0x8e7 Drivers/STM32F7xx_HAL_Driver/stm32f7xx_hal.o
 .debug_info    0x000046f1     0x10a1 Drivers/STM32F7xx_HAL_Driver/stm32f7xx_hal_cortex.o
 .debug_info    0x00005792      0xa2c Drivers/STM32F7xx_HAL_Driver/stm32f7xx_hal_dma.o
 .debug_info    0x000061be      0x758 Drivers/STM32F7xx_HAL_Driver/stm32f7xx_hal_gpio.o
 .debug_info    0x00006916      0x9d5 Drivers/STM32F7xx_HAL_Driver/stm32f7xx_hal_pwr_ex.o
 .debug_info    0x000072eb      0xcd3 Drivers/STM32F7xx_HAL_Driver/stm32f7xx_hal_rcc.o
 .debug_info    0x00007fbe      0xf6c Drivers/STM32F7xx_HAL_Driver/stm32f7xx_hal_rcc_ex.o
 .debug_info    0x00008f2a     0x2d41 Drivers/STM32F7xx_HAL_Driver/stm32f7xx_hal_tim.o
 .debug_info    0x0000bc6b     0x131e Drivers/STM32F7xx_HAL_Driver/stm32f7xx_hal_tim_ex.o
 .debug_info    0x0000cf89     0x17bd Drivers/STM32F7xx_HAL_Driver/stm32f7xx_hal_uart.o

.debug_abbrev   0x00000000     0x2214
 .debug_abbrev  0x00000000       0x12 Application/SW4STM32/startup_stm32f746xx.o
 .debug_abbrev  0x00000012      0x104 Application/User/dc_model.o
 .debug_abbrev  0x00000116      0x304 Application/User/main.o
 .debug_abbrev  0x0000041a      0x1bb Application/User/stm32f7xx_hal_msp.o
 .debug_abbrev  0x000005d5      0x1b0 Application/User/stm32f7xx_it.o
 .debug_abbrev  0x00000785      0x120 Drivers/CMSIS/system_stm32f7xx.o
 .debug_abbrev  0x000008a5      0x1e5 Drivers/STM32F7xx_HAL_Driver/stm32f7xx_hal.o
 .debug_abbrev  0x00000a8a      0x332 Drivers/STM32F7xx_HAL_Driver/stm32f7xx_hal_cortex.o
 .debug_abbrev  0x00000dbc      0x2e0 Drivers/STM32F7xx_HAL_Driver/stm32f7xx_hal_dma.o
 .debug_abbrev  0x0000109c      0x1cb Drivers/STM32F7xx_HAL_Driver/stm32f7xx_hal_gpio.o
 .debug_abbrev  0x00001267      0x1ec Drivers/STM32F7xx_HAL_Driver/stm32f7xx_hal_pwr_ex.o
 .debug_abbrev  0x00001453      0x2dd Drivers/STM32F7xx_HAL_Driver/stm32f7xx_hal_rcc.o
 .debug_abbrev  0x00001730      0x231 Drivers/STM32F7xx_HAL_Driver/stm32f7xx_hal_rcc_ex.o
 .debug_abbrev  0x00001961      0x314 Drivers/STM32F7xx_HAL_Driver/stm32f7xx_hal_tim.o
 .debug_abbrev  0x00001c75      0x273 Drivers/STM32F7xx_HAL_Driver/stm32f7xx_hal_tim_ex.o
 .debug_abbrev  0x00001ee8      0x32c Drivers/STM32F7xx_HAL_Driver/stm32f7xx_hal_uart.o

.debug_aranges  0x00000000      0x9a0
 .debug_aranges
                0x00000000       0x28 Application/SW4STM32/startup_stm32f746xx.o
 .debug_aranges
                0x00000028       0x30 Application/User/dc_model.o
 .debug_aranges
                0x00000058       0x50 Application/User/main.o
 .debug_aranges
                0x000000a8       0x40 Application/User/stm32f7xx_hal_msp.o
 .debug_aranges
                0x000000e8       0x58 Application/User/stm32f7xx_it.o
 .debug_aranges
                0x00000140       0x28 Drivers/CMSIS/system_stm32f7xx.o
 .debug_aranges
                0x00000168       0xc8 Drivers/STM32F7xx_HAL_Driver/stm32f7xx_hal.o
 .debug_aranges
                0x00000230       0x98 Drivers/STM32F7xx_HAL_Driver/stm32f7xx_hal_cortex.o
 .debug_aranges
                0x000002c8       0x80 Drivers/STM32F7xx_HAL_Driver/stm32f7xx_hal_dma.o
 .debug_aranges
                0x00000348       0x58 Drivers/STM32F7xx_HAL_Driver/stm32f7xx_hal_gpio.o
 .debug_aranges
                0x000003a0       0x80 Drivers/STM32F7xx_HAL_Driver/stm32f7xx_hal_pwr_ex.o
 .debug_aranges
                0x00000420       0x88 Drivers/STM32F7xx_HAL_Driver/stm32f7xx_hal_rcc.o
 .debug_aranges
                0x000004a8       0x30 Drivers/STM32F7xx_HAL_Driver/stm32f7xx_hal_rcc_ex.o
 .debug_aranges
                0x000004d8      0x260 Drivers/STM32F7xx_HAL_Driver/stm32f7xx_hal_tim.o
 .debug_aranges
                0x00000738      0x120 Drivers/STM32F7xx_HAL_Driver/stm32f7xx_hal_tim_ex.o
 .debug_aranges
                0x00000858      0x148 Drivers/STM32F7xx_HAL_Driver/stm32f7xx_hal_uart.o

.debug_ranges   0x00000000      0xff8
 .debug_ranges  0x00000000       0x20 Application/SW4STM32/startup_stm32f746xx.o
 .debug_ranges  0x00000020       0x20 Application/User/dc_model.o
 .debug_ranges  0x00000040       0xe8 Application/User/main.o
 .debug_ranges  0x00000128       0x70 Application/User/stm32f7xx_hal_msp.o
 .debug_ranges  0x00000198       0x48 Application/User/stm32f7xx_it.o
 .debug_ranges  0x000001e0       0x18 Drivers/CMSIS/system_stm32f7xx.o
 .debug_ranges  0x000001f8       0xb8 Drivers/STM32F7xx_HAL_Driver/stm32f7xx_hal.o
 .debug_ranges  0x000002b0      0x140 Drivers/STM32F7xx_HAL_Driver/stm32f7xx_hal_cortex.o
 .debug_ranges  0x000003f0       0xa0 Drivers/STM32F7xx_HAL_Driver/stm32f7xx_hal_dma.o
 .debug_ranges  0x00000490       0x70 Drivers/STM32F7xx_HAL_Driver/stm32f7xx_hal_gpio.o
 .debug_ranges  0x00000500       0xf8 Drivers/STM32F7xx_HAL_Driver/stm32f7xx_hal_pwr_ex.o
 .debug_ranges  0x000005f8      0x1b0 Drivers/STM32F7xx_HAL_Driver/stm32f7xx_hal_rcc.o
 .debug_ranges  0x000007a8      0x320 Drivers/STM32F7xx_HAL_Driver/stm32f7xx_hal_rcc_ex.o
 .debug_ranges  0x00000ac8      0x2e8 Drivers/STM32F7xx_HAL_Driver/stm32f7xx_hal_tim.o
 .debug_ranges  0x00000db0      0x110 Drivers/STM32F7xx_HAL_Driver/stm32f7xx_hal_tim_ex.o
 .debug_ranges  0x00000ec0      0x138 Drivers/STM32F7xx_HAL_Driver/stm32f7xx_hal_uart.o

.debug_loc      0x00000000     0x7460
 .debug_loc     0x00000000      0x145 Application/User/dc_model.o
 .debug_loc     0x00000145      0x1af Application/User/main.o
 .debug_loc     0x000002f4       0x9a Application/User/stm32f7xx_hal_msp.o
 .debug_loc     0x0000038e       0xec Drivers/CMSIS/system_stm32f7xx.o
 .debug_loc     0x0000047a       0x6a Drivers/STM32F7xx_HAL_Driver/stm32f7xx_hal.o
 .debug_loc     0x000004e4      0x4cd Drivers/STM32F7xx_HAL_Driver/stm32f7xx_hal_cortex.o
 .debug_loc     0x000009b1      0x7db Drivers/STM32F7xx_HAL_Driver/stm32f7xx_hal_dma.o
 .debug_loc     0x0000118c      0x34f Drivers/STM32F7xx_HAL_Driver/stm32f7xx_hal_gpio.o
 .debug_loc     0x000014db      0x1e8 Drivers/STM32F7xx_HAL_Driver/stm32f7xx_hal_pwr_ex.o
 .debug_loc     0x000016c3      0x49b Drivers/STM32F7xx_HAL_Driver/stm32f7xx_hal_rcc.o
 .debug_loc     0x00001b5e      0x9b4 Drivers/STM32F7xx_HAL_Driver/stm32f7xx_hal_rcc_ex.o
 .debug_loc     0x00002512     0x2f22 Drivers/STM32F7xx_HAL_Driver/stm32f7xx_hal_tim.o
 .debug_loc     0x00005434      0xdb1 Drivers/STM32F7xx_HAL_Driver/stm32f7xx_hal_tim_ex.o
 .debug_loc     0x000061e5     0x127b Drivers/STM32F7xx_HAL_Driver/stm32f7xx_hal_uart.o

.debug_macro    0x00000000    0x17b0c
 .debug_macro   0x00000000       0x1b Application/User/dc_model.o
 .debug_macro   0x0000001b      0x89e Application/User/dc_model.o
 .debug_macro   0x000008b9      0x35d Application/User/main.o
 .debug_macro   0x00000c16       0x16 Application/User/main.o
 .debug_macro   0x00000c2c      0x1af Application/User/main.o
 .debug_macro   0x00000ddb       0x2e Application/User/main.o
 .debug_macro   0x00000e09       0x3b Application/User/main.o
 .debug_macro   0x00000e44       0x22 Application/User/main.o
 .debug_macro   0x00000e66       0x87 Application/User/main.o
 .debug_macro   0x00000eed       0x44 Application/User/main.o
 .debug_macro   0x00000f31       0xfd Application/User/main.o
 .debug_macro   0x0000102e       0x5e Application/User/main.o
 .debug_macro   0x0000108c      0x1df Application/User/main.o
 .debug_macro   0x0000126b       0x35 Application/User/main.o
 .debug_macro   0x000012a0       0x50 Application/User/main.o
 .debug_macro   0x000012f0     0x1114 Application/User/main.o
 .debug_macro   0x00002404     0xaa96 Application/User/main.o
 .debug_macro   0x0000ce9a       0x43 Application/User/main.o
 .debug_macro   0x0000cedd     0x3520 Application/User/main.o
 .debug_macro   0x000103fd       0x52 Application/User/main.o
 .debug_macro   0x0001044f       0x35 Application/User/main.o
 .debug_macro   0x00010484       0x9c Application/User/main.o
 .debug_macro   0x00010520       0x16 Application/User/main.o
 .debug_macro   0x00010536       0x97 Application/User/main.o
 .debug_macro   0x000105cd      0x30d Application/User/main.o
 .debug_macro   0x000108da       0xfd Application/User/main.o
 .debug_macro   0x000109d7       0x10 Application/User/main.o
 .debug_macro   0x000109e7       0x52 Application/User/main.o
 .debug_macro   0x00010a39       0x1f Application/User/main.o
 .debug_macro   0x00010a58       0x43 Application/User/main.o
 .debug_macro   0x00010a9b       0x20 Application/User/main.o
 .debug_macro   0x00010abb      0x187 Application/User/main.o
 .debug_macro   0x00010c42       0x10 Application/User/main.o
 .debug_macro   0x00010c52       0x1c Application/User/main.o
 .debug_macro   0x00010c6e       0x52 Application/User/main.o
 .debug_macro   0x00010cc0       0x40 Application/User/main.o
 .debug_macro   0x00010d00       0x10 Application/User/main.o
 .debug_macro   0x00010d10       0x40 Application/User/main.o
 .debug_macro   0x00010d50       0xd7 Application/User/main.o
 .debug_macro   0x00010e27       0x16 Application/User/main.o
 .debug_macro   0x00010e3d      0x189 Application/User/main.o
 .debug_macro   0x00010fc6       0x50 Application/User/main.o
 .debug_macro   0x00011016     0x18ad Application/User/main.o
 .debug_macro   0x000128c3      0x6a2 Application/User/main.o
 .debug_macro   0x00012f65      0x11e Application/User/main.o
 .debug_macro   0x00013083      0x204 Application/User/main.o
 .debug_macro   0x00013287       0x27 Application/User/main.o
 .debug_macro   0x000132ae      0x24f Application/User/main.o
 .debug_macro   0x000134fd       0x41 Application/User/main.o
 .debug_macro   0x0001353e       0x58 Application/User/main.o
 .debug_macro   0x00013596      0x23a Application/User/main.o
 .debug_macro   0x000137d0      0x149 Application/User/main.o
 .debug_macro   0x00013919      0x25d Application/User/main.o
 .debug_macro   0x00013b76       0x12 Application/User/main.o
 .debug_macro   0x00013b88      0x209 Application/User/main.o
 .debug_macro   0x00013d91       0x22 Application/User/main.o
 .debug_macro   0x00013db3       0x90 Application/User/main.o
 .debug_macro   0x00013e43      0x133 Application/User/main.o
 .debug_macro   0x00013f76      0x10c Application/User/main.o
 .debug_macro   0x00014082       0x35 Application/User/main.o
 .debug_macro   0x000140b7      0x677 Application/User/main.o
 .debug_macro   0x0001472e      0x24f Application/User/main.o
 .debug_macro   0x0001497d      0x138 Application/User/main.o
 .debug_macro   0x00014ab5      0x4e8 Application/User/main.o
 .debug_macro   0x00014f9d       0x47 Application/User/main.o
 .debug_macro   0x00014fe4      0x14a Application/User/main.o
 .debug_macro   0x0001512e       0x16 Application/User/main.o
 .debug_macro   0x00015144       0x35 Application/User/main.o
 .debug_macro   0x00015179       0x16 Application/User/main.o
 .debug_macro   0x0001518f       0x29 Application/User/main.o
 .debug_macro   0x000151b8      0x31f Application/User/stm32f7xx_hal_msp.o
 .debug_macro   0x000154d7      0x329 Application/User/stm32f7xx_it.o
 .debug_macro   0x00015800      0x316 Drivers/CMSIS/system_stm32f7xx.o
 .debug_macro   0x00015b16      0x343 Drivers/STM32F7xx_HAL_Driver/stm32f7xx_hal.o
 .debug_macro   0x00015e59      0x31f Drivers/STM32F7xx_HAL_Driver/stm32f7xx_hal_cortex.o
 .debug_macro   0x00016178      0x326 Drivers/STM32F7xx_HAL_Driver/stm32f7xx_hal_dma.o
 .debug_macro   0x0001649e      0x357 Drivers/STM32F7xx_HAL_Driver/stm32f7xx_hal_gpio.o
 .debug_macro   0x000167f5      0x337 Drivers/STM32F7xx_HAL_Driver/stm32f7xx_hal_pwr_ex.o
 .debug_macro   0x00016b2c      0x343 Drivers/STM32F7xx_HAL_Driver/stm32f7xx_hal_rcc.o
 .debug_macro   0x00016e6f      0x32b Drivers/STM32F7xx_HAL_Driver/stm32f7xx_hal_rcc_ex.o
 .debug_macro   0x0001719a      0x320 Drivers/STM32F7xx_HAL_Driver/stm32f7xx_hal_tim.o
 .debug_macro   0x000174ba      0x32b Drivers/STM32F7xx_HAL_Driver/stm32f7xx_hal_tim_ex.o
 .debug_macro   0x000177e5      0x327 Drivers/STM32F7xx_HAL_Driver/stm32f7xx_hal_uart.o

.debug_str      0x00000000    0x89071
 .debug_str     0x00000000     0x25d7 Application/User/dc_model.o
                               0x25de (size before relaxing)
 .debug_str     0x000025d7    0x8407a Application/User/main.o
                              0x869dc (size before relaxing)
 .debug_str     0x00086651      0x100 Application/User/stm32f7xx_hal_msp.o
                              0x8637d (size before relaxing)
 .debug_str     0x00086751      0x12e Application/User/stm32f7xx_it.o
                              0x85c65 (size before relaxing)
 .debug_str     0x0008687f      0x20e Drivers/CMSIS/system_stm32f7xx.o
                              0x84697 (size before relaxing)
 .debug_str     0x00086a8d      0x345 Drivers/STM32F7xx_HAL_Driver/stm32f7xx_hal.o
                              0x85fd7 (size before relaxing)
 .debug_str     0x00086dd2      0x30b Drivers/STM32F7xx_HAL_Driver/stm32f7xx_hal_cortex.o
                              0x8606e (size before relaxing)
 .debug_str     0x000870dd      0x359 Drivers/STM32F7xx_HAL_Driver/stm32f7xx_hal_dma.o
                              0x85ab2 (size before relaxing)
 .debug_str     0x00087436      0x22c Drivers/STM32F7xx_HAL_Driver/stm32f7xx_hal_gpio.o
                              0x85932 (size before relaxing)
 .debug_str     0x00087662      0x208 Drivers/STM32F7xx_HAL_Driver/stm32f7xx_hal_pwr_ex.o
                              0x859ee (size before relaxing)
 .debug_str     0x0008786a      0x248 Drivers/STM32F7xx_HAL_Driver/stm32f7xx_hal_rcc.o
                              0x85aa6 (size before relaxing)
 .debug_str     0x00087ab2      0x130 Drivers/STM32F7xx_HAL_Driver/stm32f7xx_hal_rcc_ex.o
                              0x859df (size before relaxing)
 .debug_str     0x00087be2      0xa72 Drivers/STM32F7xx_HAL_Driver/stm32f7xx_hal_tim.o
                              0x86433 (size before relaxing)
 .debug_str     0x00088654      0x500 Drivers/STM32F7xx_HAL_Driver/stm32f7xx_hal_tim_ex.o
                              0x86079 (size before relaxing)
 .debug_str     0x00088b54      0x51d Drivers/STM32F7xx_HAL_Driver/stm32f7xx_hal_uart.o
                              0x86114 (size before relaxing)

.comment        0x00000000       0x6e
 .comment       0x00000000       0x6e Application/User/dc_model.o
                                 0x6f (size before relaxing)
 .comment       0x0000006e       0x6f Application/User/main.o
 .comment       0x0000006e       0x6f Application/User/stm32f7xx_hal_msp.o
 .comment       0x0000006e       0x6f Application/User/stm32f7xx_it.o
 .comment       0x0000006e       0x6f Drivers/CMSIS/system_stm32f7xx.o
 .comment       0x0000006e       0x6f Drivers/STM32F7xx_HAL_Driver/stm32f7xx_hal.o
 .comment       0x0000006e       0x6f Drivers/STM32F7xx_HAL_Driver/stm32f7xx_hal_cortex.o
 .comment       0x0000006e       0x6f Drivers/STM32F7xx_HAL_Driver/stm32f7xx_hal_dma.o
 .comment       0x0000006e       0x6f Drivers/STM32F7xx_HAL_Driver/stm32f7xx_hal_gpio.o
 .comment       0x0000006e       0x6f Drivers/STM32F7xx_HAL_Driver/stm32f7xx_hal_pwr_ex.o
 .comment       0x0000006e       0x6f Drivers/STM32F7xx_HAL_Driver/stm32f7xx_hal_rcc.o
 .comment       0x0000006e       0x6f Drivers/STM32F7xx_HAL_Driver/stm32f7xx_hal_rcc_ex.o
 .comment       0x0000006e       0x6f Drivers/STM32F7xx_HAL_Driver/stm32f7xx_hal_tim.o
 .comment       0x0000006e       0x6f Drivers/STM32F7xx_HAL_Driver/stm32f7xx_hal_tim_ex.o
 .comment       0x0000006e       0x6f Drivers/STM32F7xx_HAL_Driver/stm32f7xx_hal_uart.o

.debug_frame    0x00000000     0x2354
 .debug_frame   0x00000000       0x50 Application/User/dc_model.o
 .debug_frame   0x00000050       0xc0 Application/User/main.o
 .debug_frame   0x00000110       0x8c Application/User/stm32f7xx_hal_msp.o
 .debug_frame   0x0000019c       0xcc Application/User/stm32f7xx_it.o
 .debug_frame   0x00000268       0x30 Drivers/CMSIS/system_stm32f7xx.o
 .debug_frame   0x00000298      0x1a4 Drivers/STM32F7xx_HAL_Driver/stm32f7xx_hal.o
 .debug_frame   0x0000043c      0x130 Drivers/STM32F7xx_HAL_Driver/stm32f7xx_hal_cortex.o
 .debug_frame   0x0000056c      0x150 Drivers/STM32F7xx_HAL_Driver/stm32f7xx_hal_dma.o
 .debug_frame   0x000006bc       0xd4 Drivers/STM32F7xx_HAL_Driver/stm32f7xx_hal_gpio.o
 .debug_frame   0x00000790      0x13c Drivers/STM32F7xx_HAL_Driver/stm32f7xx_hal_pwr_ex.o
 .debug_frame   0x000008cc      0x138 Drivers/STM32F7xx_HAL_Driver/stm32f7xx_hal_rcc.o
 .debug_frame   0x00000a04       0x6c Drivers/STM32F7xx_HAL_Driver/stm32f7xx_hal_rcc_ex.o
 .debug_frame   0x00000a70      0x87c Drivers/STM32F7xx_HAL_Driver/stm32f7xx_hal_tim.o
 .debug_frame   0x000012ec      0x3c8 Drivers/STM32F7xx_HAL_Driver/stm32f7xx_hal_tim_ex.o
 .debug_frame   0x000016b4      0x41c Drivers/STM32F7xx_HAL_Driver/stm32f7xx_hal_uart.o
 .debug_frame   0x00001ad0       0x20 d:/eclipsehal/plugins/fr.ac6.mcu.externaltools.arm-none.win32_1.11.0.201610101338/tools/gcc-arm-none-eabi-5_4-2016q2-20160622-win32/bin/../lib/gcc/arm-none-eabi/5.4.1/../../../../arm-none-eabi/lib/armv7e-m/fpu/fpv5-sp-d16\libc_nano.a(lib_a-atof.o)
 .debug_frame   0x00001af0       0x2c d:/eclipsehal/plugins/fr.ac6.mcu.externaltools.arm-none.win32_1.11.0.201610101338/tools/gcc-arm-none-eabi-5_4-2016q2-20160622-win32/bin/../lib/gcc/arm-none-eabi/5.4.1/../../../../arm-none-eabi/lib/armv7e-m/fpu/fpv5-sp-d16\libc_nano.a(lib_a-init.o)
 .debug_frame   0x00001b1c       0x20 d:/eclipsehal/plugins/fr.ac6.mcu.externaltools.arm-none.win32_1.11.0.201610101338/tools/gcc-arm-none-eabi-5_4-2016q2-20160622-win32/bin/../lib/gcc/arm-none-eabi/5.4.1/../../../../arm-none-eabi/lib/armv7e-m/fpu/fpv5-sp-d16\libc_nano.a(lib_a-memset.o)
 .debug_frame   0x00001b3c       0x70 d:/eclipsehal/plugins/fr.ac6.mcu.externaltools.arm-none.win32_1.11.0.201610101338/tools/gcc-arm-none-eabi-5_4-2016q2-20160622-win32/bin/../lib/gcc/arm-none-eabi/5.4.1/../../../../arm-none-eabi/lib/armv7e-m/fpu/fpv5-sp-d16\libc_nano.a(lib_a-sprintf.o)
 .debug_frame   0x00001bac       0x94 d:/eclipsehal/plugins/fr.ac6.mcu.externaltools.arm-none.win32_1.11.0.201610101338/tools/gcc-arm-none-eabi-5_4-2016q2-20160622-win32/bin/../lib/gcc/arm-none-eabi/5.4.1/../../../../arm-none-eabi/lib/armv7e-m/fpu/fpv5-sp-d16\libc_nano.a(lib_a-strtod.o)
 .debug_frame   0x00001c40       0x70 d:/eclipsehal/plugins/fr.ac6.mcu.externaltools.arm-none.win32_1.11.0.201610101338/tools/gcc-arm-none-eabi-5_4-2016q2-20160622-win32/bin/../lib/gcc/arm-none-eabi/5.4.1/../../../../arm-none-eabi/lib/armv7e-m/fpu/fpv5-sp-d16\libc_nano.a(lib_a-gdtoa-gethex.o)
 .debug_frame   0x00001cb0       0x74 d:/eclipsehal/plugins/fr.ac6.mcu.externaltools.arm-none.win32_1.11.0.201610101338/tools/gcc-arm-none-eabi-5_4-2016q2-20160622-win32/bin/../lib/gcc/arm-none-eabi/5.4.1/../../../../arm-none-eabi/lib/armv7e-m/fpu/fpv5-sp-d16\libc_nano.a(lib_a-gdtoa-hexnan.o)
 .debug_frame   0x00001d24       0x98 d:/eclipsehal/plugins/fr.ac6.mcu.externaltools.arm-none.win32_1.11.0.201610101338/tools/gcc-arm-none-eabi-5_4-2016q2-20160622-win32/bin/../lib/gcc/arm-none-eabi/5.4.1/../../../../arm-none-eabi/lib/armv7e-m/fpu/fpv5-sp-d16\libc_nano.a(lib_a-locale.o)
 .debug_frame   0x00001dbc       0x28 d:/eclipsehal/plugins/fr.ac6.mcu.externaltools.arm-none.win32_1.11.0.201610101338/tools/gcc-arm-none-eabi-5_4-2016q2-20160622-win32/bin/../lib/gcc/arm-none-eabi/5.4.1/../../../../arm-none-eabi/lib/armv7e-m/fpu/fpv5-sp-d16\libc_nano.a(lib_a-memcpy-stub.o)
 .debug_frame   0x00001de4      0x238 d:/eclipsehal/plugins/fr.ac6.mcu.externaltools.arm-none.win32_1.11.0.201610101338/tools/gcc-arm-none-eabi-5_4-2016q2-20160622-win32/bin/../lib/gcc/arm-none-eabi/5.4.1/../../../../arm-none-eabi/lib/armv7e-m/fpu/fpv5-sp-d16\libc_nano.a(lib_a-mprec.o)
 .debug_frame   0x0000201c       0x2c d:/eclipsehal/plugins/fr.ac6.mcu.externaltools.arm-none.win32_1.11.0.201610101338/tools/gcc-arm-none-eabi-5_4-2016q2-20160622-win32/bin/../lib/gcc/arm-none-eabi/5.4.1/../../../../arm-none-eabi/lib/armv7e-m/fpu/fpv5-sp-d16\libc_nano.a(lib_a-nano-callocr.o)
 .debug_frame   0x00002048       0x2c d:/eclipsehal/plugins/fr.ac6.mcu.externaltools.arm-none.win32_1.11.0.201610101338/tools/gcc-arm-none-eabi-5_4-2016q2-20160622-win32/bin/../lib/gcc/arm-none-eabi/5.4.1/../../../../arm-none-eabi/lib/armv7e-m/fpu/fpv5-sp-d16\libc_nano.a(lib_a-nano-mallocr.o)
 .debug_frame   0x00002074       0x90 d:/eclipsehal/plugins/fr.ac6.mcu.externaltools.arm-none.win32_1.11.0.201610101338/tools/gcc-arm-none-eabi-5_4-2016q2-20160622-win32/bin/../lib/gcc/arm-none-eabi/5.4.1/../../../../arm-none-eabi/lib/armv7e-m/fpu/fpv5-sp-d16\libc_nano.a(lib_a-nano-svfprintf.o)
 .debug_frame   0x00002104       0x60 d:/eclipsehal/plugins/fr.ac6.mcu.externaltools.arm-none.win32_1.11.0.201610101338/tools/gcc-arm-none-eabi-5_4-2016q2-20160622-win32/bin/../lib/gcc/arm-none-eabi/5.4.1/../../../../arm-none-eabi/lib/armv7e-m/fpu/fpv5-sp-d16\libc_nano.a(lib_a-nano-vfprintf_i.o)
 .debug_frame   0x00002164       0x2c d:/eclipsehal/plugins/fr.ac6.mcu.externaltools.arm-none.win32_1.11.0.201610101338/tools/gcc-arm-none-eabi-5_4-2016q2-20160622-win32/bin/../lib/gcc/arm-none-eabi/5.4.1/../../../../arm-none-eabi/lib/armv7e-m/fpu/fpv5-sp-d16\libc_nano.a(lib_a-sbrkr.o)